(bottle_python_2_7) root@nj-p-zdtc-h20-059:~/bottle/examples# python howto.py
./bottle.py _default_app: None
./bottle.py DB_PATH: ./
./bottle.py TEMPLATE_PATH: ['./', './views/']
./bottle.py TEMPLATES: {}
./bottle.py DEBUG: False
./bottle.py HTTP_CODES: {200: 'OK', 201: 'CREATED', 202: 'ACCEPTED', 203: 'NON-AUTHORITATIVE INFORMATION', 204: 'NO CONTENT', 205: 'RESET CONTENT', 206: 'PARTIAL CONTENT', 400: 'BAD REQUEST', 401: 'UNAUTHORIZED', 402: 'PAYMENT REQUIRED', 403: 'FORBIDDEN', 404: 'NOT FOUND', 405: 'METHOD NOT ALLOWED', 406: 'NOT ACCEPTABLE', 407: 'PROXY AUTHENTICATION REQUIRED', 408: 'REQUEST TIMEOUT', 409: 'CONFLICT', 410: 'GONE', 411: 'LENGTH REQUIRED', 412: 'PRECONDITION FAILED', 413: 'REQUEST ENTITY TOO LARGE', 414: 'REQUEST-URI TOO LONG', 415: 'UNSUPPORTED MEDIA TYPE', 416: 'REQUESTED RANGE NOT SATISFIABLE', 417: 'EXPECTATION FAILED', 100: 'CONTINUE', 101: 'SWITCHING PROTOCOLS', 300: 'MULTIPLE CHOICES', 301: 'MOVED PERMANENTLY', 302: 'FOUND', 303: 'SEE OTHER', 304: 'NOT MODIFIED', 305: 'USE PROXY', 306: 'RESERVED', 307: 'TEMPORARY REDIRECT', 500: 'INTERNAL SERVER ERROR', 501: 'NOT IMPLEMENTED', 502: 'BAD GATEWAY', 503: 'SERVICE UNAVAILABLE', 504: 'GATEWAY TIMEOUT', 505: 'HTTP VERSION NOT SUPPORTED'}
./bottle.py HTTP_ERROR_TEMPLATE:
<!DOCTYPE HTML PUBLIC "-//IETF//DTD HTML 2.0//EN">
<html>
    <head>
        <title>Error %(status)d: %(error_name)s</title>
    </head>
    <body>
        <h1>Error %(status)d: %(error_name)s</h1>
        <p>Sorry, the requested URL <tt>%(url)s</tt> caused an error:</p>
        <pre>
            %(error_message)s
        </pre>
    </body>
</html>

./bottle.py TRACEBACK_TEMPLATE:
<h2>Traceback:</h2>
<pre>
%s
</pre>

./bottle.py request: <bottle.Request object at 0x7f08865008a0>
./bottle.py response: <bottle.Response object at 0x7f0886500910>
./bottle.py db: <bottle.BottleDB object at 0x7f0886500980>
./bottle.py local: <thread._local object at 0x7f088650e590>
1 ----------------------------------------------------------
./bottle.py debug DEBUG: True
2 ----------------------------------------------------------
./bottle.py route url: /
./bottle.py route kargs: {}
./bottle.py default_app _default_app: None
./bottle.py Bottle __init__ catchall: True
./bottle.py Bottle __init__ optimize: False
./bottle.py Bottle __init__ autojson: True
./bottle.py Bottle route url: /
./bottle.py Bottle route kargs: {}
./bottle.py Bottle route wrapper handler: <function hello_world at 0x7f0886f01ad0>
./bottle.py Bottle add_route route: /
./bottle.py Bottle add_route handler: <function hello_world at 0x7f0886f01ad0>
./bottle.py Bottle add_route method: GET
./bottle.py Bottle add_route simple: False
./bottle.py Bottle add_route kargs: {}
./bottle.py Bottle add_route isinstance(handler, type): False
./bottle.py Bottle add_route isinstance(handler, BaseController): False
./bottle.py Bottle add_route self.simple_routes: {'GET': {'': <function hello_world at 0x7f0886f01ad0>}}
./bottle.py Bottle add_route self.regexp_routes: {}
./bottle.py route url: /hello
./bottle.py route kargs: {}
./bottle.py default_app _default_app: <bottle.Bottle object at 0x7f0886f07ad0>
./bottle.py Bottle route url: /hello
./bottle.py Bottle route kargs: {}
./bottle.py Bottle route wrapper handler: <function hello_get at 0x7f0886f01dd0>
./bottle.py Bottle add_route route: /hello
./bottle.py Bottle add_route handler: <function hello_get at 0x7f0886f01dd0>
./bottle.py Bottle add_route method: GET
./bottle.py Bottle add_route simple: False
./bottle.py Bottle add_route kargs: {}
./bottle.py Bottle add_route isinstance(handler, type): False
./bottle.py Bottle add_route isinstance(handler, BaseController): False
./bottle.py Bottle add_route self.simple_routes: {'GET': {'': <function hello_world at 0x7f0886f01ad0>, 'hello': <function hello_get at 0x7f0886f01dd0>}}
./bottle.py Bottle add_route self.regexp_routes: {}
./bottle.py route url: /hello_post
./bottle.py route kargs: {'method': 'POST'}
./bottle.py default_app _default_app: <bottle.Bottle object at 0x7f0886f07ad0>
./bottle.py Bottle route url: /hello_post
./bottle.py Bottle route kargs: {'method': 'POST'}
./bottle.py Bottle route wrapper handler: <function hello_post at 0x7f0886f01ed0>
./bottle.py Bottle add_route route: /hello_post
./bottle.py Bottle add_route handler: <function hello_post at 0x7f0886f01ed0>
./bottle.py Bottle add_route method: POST
./bottle.py Bottle add_route simple: False
./bottle.py Bottle add_route kargs: {}
./bottle.py Bottle add_route isinstance(handler, type): False
./bottle.py Bottle add_route isinstance(handler, BaseController): False
./bottle.py Bottle add_route self.simple_routes: {'POST': {'hello_post': <function hello_post at 0x7f0886f01ed0>}, 'GET': {'': <function hello_world at 0x7f0886f01ad0>, 'hello': <function hello_get at 0x7f0886f01dd0>}}
./bottle.py Bottle add_route self.regexp_routes: {}
./bottle.py route url: /counter
./bottle.py route kargs: {}
./bottle.py default_app _default_app: <bottle.Bottle object at 0x7f0886f07ad0>
./bottle.py Bottle route url: /counter
./bottle.py Bottle route kargs: {}
./bottle.py Bottle route wrapper handler: <function counter at 0x7f0886f0ea50>
./bottle.py Bottle add_route route: /counter
./bottle.py Bottle add_route handler: <function counter at 0x7f0886f0ea50>
./bottle.py Bottle add_route method: GET
./bottle.py Bottle add_route simple: False
./bottle.py Bottle add_route kargs: {}
./bottle.py Bottle add_route isinstance(handler, type): False
./bottle.py Bottle add_route isinstance(handler, BaseController): False
./bottle.py Bottle add_route self.simple_routes: {'POST': {'hello_post': <function hello_post at 0x7f0886f01ed0>}, 'GET': {'': <function hello_world at 0x7f0886f01ad0>, 'counter': <function counter at 0x7f0886f0ea50>, 'hello': <function hello_get at 0x7f0886f01dd0>}}
./bottle.py Bottle add_route self.regexp_routes: {}
./bottle.py route url: /hello/:name
./bottle.py route kargs: {}
./bottle.py default_app _default_app: <bottle.Bottle object at 0x7f0886f07ad0>
./bottle.py Bottle route url: /hello/:name
./bottle.py Bottle route kargs: {}
./bottle.py Bottle route wrapper handler: <function hello_url at 0x7f0886f11150>
./bottle.py Bottle add_route route: /hello/:name
./bottle.py Bottle add_route handler: <function hello_url at 0x7f0886f11150>
./bottle.py Bottle add_route method: GET
./bottle.py Bottle add_route simple: False
./bottle.py Bottle add_route kargs: {}
./bottle.py Bottle add_route isinstance(handler, type): False
./bottle.py Bottle add_route isinstance(handler, BaseController): False
./bottle.py Bottle add_route self.simple_routes: {'POST': {'hello_post': <function hello_post at 0x7f0886f01ed0>}, 'GET': {'': <function hello_world at 0x7f0886f01ad0>, 'counter': <function counter at 0x7f0886f0ea50>, 'hello': <function hello_get at 0x7f0886f01dd0>}}
./bottle.py Bottle add_route self.regexp_routes: {'GET': [[<_sre.SRE_Pattern object at 0x7f08865bbab0>, <function hello_url at 0x7f0886f11150>]]}
./bottle.py route url: /number/:num#[0-9]+#
./bottle.py route kargs: {}
./bottle.py default_app _default_app: <bottle.Bottle object at 0x7f0886f07ad0>
./bottle.py Bottle route url: /number/:num#[0-9]+#
./bottle.py Bottle route kargs: {}
./bottle.py Bottle route wrapper handler: <function hello_number at 0x7f0886f116d0>
./bottle.py Bottle add_route route: /number/:num#[0-9]+#
./bottle.py Bottle add_route handler: <function hello_number at 0x7f0886f116d0>
./bottle.py Bottle add_route method: GET
./bottle.py Bottle add_route simple: False
./bottle.py Bottle add_route kargs: {}
./bottle.py Bottle add_route isinstance(handler, type): False
./bottle.py Bottle add_route isinstance(handler, BaseController): False
./bottle.py Bottle add_route self.simple_routes: {'POST': {'hello_post': <function hello_post at 0x7f0886f01ed0>}, 'GET': {'': <function hello_world at 0x7f0886f01ad0>, 'counter': <function counter at 0x7f0886f0ea50>, 'hello': <function hello_get at 0x7f0886f01dd0>}}
./bottle.py Bottle add_route self.regexp_routes: {'GET': [[<_sre.SRE_Pattern object at 0x7f08865bbab0>, <function hello_url at 0x7f0886f11150>], [<_sre.SRE_Pattern object at 0x7f088655f430>, <function hello_number at 0x7f0886f116d0>]]}
./bottle.py route url: /static/:filename#.*#
./bottle.py route kargs: {}
./bottle.py default_app _default_app: <bottle.Bottle object at 0x7f0886f07ad0>
./bottle.py Bottle route url: /static/:filename#.*#
./bottle.py Bottle route kargs: {}
./bottle.py Bottle route wrapper handler: <function static_file at 0x7f0886f117d0>
./bottle.py Bottle add_route route: /static/:filename#.*#
./bottle.py Bottle add_route handler: <function static_file at 0x7f0886f117d0>
./bottle.py Bottle add_route method: GET
./bottle.py Bottle add_route simple: False
./bottle.py Bottle add_route kargs: {}
./bottle.py Bottle add_route isinstance(handler, type): False
./bottle.py Bottle add_route isinstance(handler, BaseController): False
./bottle.py Bottle add_route self.simple_routes: {'POST': {'hello_post': <function hello_post at 0x7f0886f01ed0>}, 'GET': {'': <function hello_world at 0x7f0886f01ad0>, 'counter': <function counter at 0x7f0886f0ea50>, 'hello': <function hello_get at 0x7f0886f01dd0>}}
./bottle.py Bottle add_route self.regexp_routes: {'GET': [[<_sre.SRE_Pattern object at 0x7f08865bbab0>, <function hello_url at 0x7f0886f11150>], [<_sre.SRE_Pattern object at 0x7f088655f430>, <function hello_number at 0x7f0886f116d0>], [<_sre.SRE_Pattern object at 0x7f08865bbb90>, <function static_file at 0x7f0886f117d0>]]}
./bottle.py route url: /json
./bottle.py route kargs: {}
./bottle.py default_app _default_app: <bottle.Bottle object at 0x7f0886f07ad0>
./bottle.py Bottle route url: /json
./bottle.py Bottle route kargs: {}
./bottle.py Bottle route wrapper handler: <function json at 0x7f0886f18050>
./bottle.py Bottle add_route route: /json
./bottle.py Bottle add_route handler: <function json at 0x7f0886f18050>
./bottle.py Bottle add_route method: GET
./bottle.py Bottle add_route simple: False
./bottle.py Bottle add_route kargs: {}
./bottle.py Bottle add_route isinstance(handler, type): False
./bottle.py Bottle add_route isinstance(handler, BaseController): False
./bottle.py Bottle add_route self.simple_routes: {'POST': {'hello_post': <function hello_post at 0x7f0886f01ed0>}, 'GET': {'': <function hello_world at 0x7f0886f01ad0>, 'json': <function json at 0x7f0886f18050>, 'counter': <function counter at 0x7f0886f0ea50>, 'hello': <function hello_get at 0x7f0886f01dd0>}}
./bottle.py Bottle add_route self.regexp_routes: {'GET': [[<_sre.SRE_Pattern object at 0x7f08865bbab0>, <function hello_url at 0x7f0886f11150>], [<_sre.SRE_Pattern object at 0x7f088655f430>, <function hello_number at 0x7f0886f116d0>], [<_sre.SRE_Pattern object at 0x7f08865bbb90>, <function static_file at 0x7f0886f117d0>]]}
./bottle.py route url: /private
./bottle.py route kargs: {}
./bottle.py default_app _default_app: <bottle.Bottle object at 0x7f0886f07ad0>
./bottle.py Bottle route url: /private
./bottle.py Bottle route kargs: {}
./bottle.py Bottle route wrapper handler: <function private at 0x7f0886f18150>
./bottle.py Bottle add_route route: /private
./bottle.py Bottle add_route handler: <function private at 0x7f0886f18150>
./bottle.py Bottle add_route method: GET
./bottle.py Bottle add_route simple: False
./bottle.py Bottle add_route kargs: {}
./bottle.py Bottle add_route isinstance(handler, type): False
./bottle.py Bottle add_route isinstance(handler, BaseController): False
./bottle.py Bottle add_route self.simple_routes: {'POST': {'hello_post': <function hello_post at 0x7f0886f01ed0>}, 'GET': {'': <function hello_world at 0x7f0886f01ad0>, 'json': <function json at 0x7f0886f18050>, 'counter': <function counter at 0x7f0886f0ea50>, 'hello': <function hello_get at 0x7f0886f01dd0>, 'private': <function private at 0x7f0886f18150>}}
./bottle.py Bottle add_route self.regexp_routes: {'GET': [[<_sre.SRE_Pattern object at 0x7f08865bbab0>, <function hello_url at 0x7f0886f11150>], [<_sre.SRE_Pattern object at 0x7f088655f430>, <function hello_number at 0x7f0886f116d0>], [<_sre.SRE_Pattern object at 0x7f08865bbb90>, <function static_file at 0x7f0886f117d0>]]}
./bottle.py route url: /validate/:i/:f/:csv
./bottle.py route kargs: {}
./bottle.py default_app _default_app: <bottle.Bottle object at 0x7f0886f07ad0>
./bottle.py Bottle route url: /validate/:i/:f/:csv
./bottle.py Bottle route kargs: {}
./bottle.py validate vkargs: {'i': <type 'int'>, 'csv': <function <lambda> at 0x7f0886f182d0>, 'f': <type 'float'>}
./bottle.py validate decorator func: <function validate_test at 0x7f0886f184d0>
./bottle.py Bottle route wrapper handler: <function wrapper at 0x7f0886f185d0>
./bottle.py Bottle add_route route: /validate/:i/:f/:csv
./bottle.py Bottle add_route handler: <function wrapper at 0x7f0886f185d0>
./bottle.py Bottle add_route method: GET
./bottle.py Bottle add_route simple: False
./bottle.py Bottle add_route kargs: {}
./bottle.py Bottle add_route isinstance(handler, type): False
./bottle.py Bottle add_route isinstance(handler, BaseController): False
./bottle.py Bottle add_route self.simple_routes: {'POST': {'hello_post': <function hello_post at 0x7f0886f01ed0>}, 'GET': {'': <function hello_world at 0x7f0886f01ad0>, 'json': <function json at 0x7f0886f18050>, 'counter': <function counter at 0x7f0886f0ea50>, 'hello': <function hello_get at 0x7f0886f01dd0>, 'private': <function private at 0x7f0886f18150>}}
./bottle.py Bottle add_route self.regexp_routes: {'GET': [[<_sre.SRE_Pattern object at 0x7f08865bbab0>, <function hello_url at 0x7f0886f11150>], [<_sre.SRE_Pattern object at 0x7f088655f430>, <function hello_number at 0x7f0886f116d0>], [<_sre.SRE_Pattern object at 0x7f08865bbb90>, <function static_file at 0x7f0886f117d0>], [<_sre.SRE_Pattern object at 0x7f08865f7450>, <function wrapper at 0x7f0886f185d0>]]}
./bottle.py route url: /template/test
./bottle.py route kargs: {}
./bottle.py default_app _default_app: <bottle.Bottle object at 0x7f0886f07ad0>
./bottle.py Bottle route url: /template/test
./bottle.py Bottle route kargs: {}
./bottle.py Bottle route wrapper handler: <function template_test at 0x7f0886f183d0>
./bottle.py Bottle add_route route: /template/test
./bottle.py Bottle add_route handler: <function template_test at 0x7f0886f183d0>
./bottle.py Bottle add_route method: GET
./bottle.py Bottle add_route simple: False
./bottle.py Bottle add_route kargs: {}
./bottle.py Bottle add_route isinstance(handler, type): False
./bottle.py Bottle add_route isinstance(handler, BaseController): False
./bottle.py Bottle add_route self.simple_routes: {'POST': {'hello_post': <function hello_post at 0x7f0886f01ed0>}, 'GET': {'': <function hello_world at 0x7f0886f01ad0>, 'template/test': <function template_test at 0x7f0886f183d0>, 'counter': <function counter at 0x7f0886f0ea50>, 'private': <function private at 0x7f0886f18150>, 'json': <function json at 0x7f0886f18050>, 'hello': <function hello_get at 0x7f0886f01dd0>}}
./bottle.py Bottle add_route self.regexp_routes: {'GET': [[<_sre.SRE_Pattern object at 0x7f08865bbab0>, <function hello_url at 0x7f0886f11150>], [<_sre.SRE_Pattern object at 0x7f088655f430>, <function hello_number at 0x7f0886f116d0>], [<_sre.SRE_Pattern object at 0x7f08865bbb90>, <function static_file at 0x7f0886f117d0>], [<_sre.SRE_Pattern object at 0x7f08865f7450>, <function wrapper at 0x7f0886f185d0>]]}
./bottle.py route url: /db/counter
./bottle.py route kargs: {}
./bottle.py default_app _default_app: <bottle.Bottle object at 0x7f0886f07ad0>
./bottle.py Bottle route url: /db/counter
./bottle.py Bottle route kargs: {}
./bottle.py Bottle route wrapper handler: <function db_counter_test at 0x7f0886f187d0>
./bottle.py Bottle add_route route: /db/counter
./bottle.py Bottle add_route handler: <function db_counter_test at 0x7f0886f187d0>
./bottle.py Bottle add_route method: GET
./bottle.py Bottle add_route simple: False
./bottle.py Bottle add_route kargs: {}
./bottle.py Bottle add_route isinstance(handler, type): False
./bottle.py Bottle add_route isinstance(handler, BaseController): False
./bottle.py Bottle add_route self.simple_routes: {'POST': {'hello_post': <function hello_post at 0x7f0886f01ed0>}, 'GET': {'': <function hello_world at 0x7f0886f01ad0>, 'template/test': <function template_test at 0x7f0886f183d0>, 'counter': <function counter at 0x7f0886f0ea50>, 'private': <function private at 0x7f0886f18150>, 'db/counter': <function db_counter_test at 0x7f0886f187d0>, 'json': <function json at 0x7f0886f18050>, 'hello': <function hello_get at 0x7f0886f01dd0>}}
./bottle.py Bottle add_route self.regexp_routes: {'GET': [[<_sre.SRE_Pattern object at 0x7f08865bbab0>, <function hello_url at 0x7f0886f11150>], [<_sre.SRE_Pattern object at 0x7f088655f430>, <function hello_number at 0x7f0886f116d0>], [<_sre.SRE_Pattern object at 0x7f08865bbb90>, <function static_file at 0x7f0886f117d0>], [<_sre.SRE_Pattern object at 0x7f08865f7450>, <function wrapper at 0x7f0886f185d0>]]}
3 ----------------------------------------------------------
./examples/howto.py os.environ.get('BOTTLE_CHILD'): None
./bottle.py run app: None
./bottle.py run server: <class 'bottle.WSGIRefServer'>
./bottle.py run host: localhost
./bottle.py run port: 8080
./bottle.py run interval: 1
./bottle.py run reloader: True
./bottle.py run kargs: {}
./bottle.py default_app _default_app: <bottle.Bottle object at 0x7f0886f07ad0>
./bottle.py run app: <bottle.Bottle object at 0x7f0886f07ad0>
./bottle.py run quiet: False
./bottle.py run isinstance(server, type): True
./bottle.py run not reloader: False
./bottle.py run os.environ.get('BOTTLE_CHILD'): None
Bottle auto reloader starting up...
./bottle.py reloader_run sys.executable: /root/miniconda3/envs/bottle_python_2_7/bin/python
./bottle.py reloader_run sys.argv: ['howto.py']
./bottle.py reloader_run args: ['/root/miniconda3/envs/bottle_python_2_7/bin/python', 'howto.py']
./bottle.py _default_app: None
./bottle.py DB_PATH: ./
./bottle.py TEMPLATE_PATH: ['./', './views/']
./bottle.py TEMPLATES: {}
./bottle.py DEBUG: False
./bottle.py HTTP_CODES: {200: 'OK', 201: 'CREATED', 202: 'ACCEPTED', 203: 'NON-AUTHORITATIVE INFORMATION', 204: 'NO CONTENT', 205: 'RESET CONTENT', 206: 'PARTIAL CONTENT', 400: 'BAD REQUEST', 401: 'UNAUTHORIZED', 402: 'PAYMENT REQUIRED', 403: 'FORBIDDEN', 404: 'NOT FOUND', 405: 'METHOD NOT ALLOWED', 406: 'NOT ACCEPTABLE', 407: 'PROXY AUTHENTICATION REQUIRED', 408: 'REQUEST TIMEOUT', 409: 'CONFLICT', 410: 'GONE', 411: 'LENGTH REQUIRED', 412: 'PRECONDITION FAILED', 413: 'REQUEST ENTITY TOO LARGE', 414: 'REQUEST-URI TOO LONG', 415: 'UNSUPPORTED MEDIA TYPE', 416: 'REQUESTED RANGE NOT SATISFIABLE', 417: 'EXPECTATION FAILED', 100: 'CONTINUE', 101: 'SWITCHING PROTOCOLS', 300: 'MULTIPLE CHOICES', 301: 'MOVED PERMANENTLY', 302: 'FOUND', 303: 'SEE OTHER', 304: 'NOT MODIFIED', 305: 'USE PROXY', 306: 'RESERVED', 307: 'TEMPORARY REDIRECT', 500: 'INTERNAL SERVER ERROR', 501: 'NOT IMPLEMENTED', 502: 'BAD GATEWAY', 503: 'SERVICE UNAVAILABLE', 504: 'GATEWAY TIMEOUT', 505: 'HTTP VERSION NOT SUPPORTED'}
./bottle.py HTTP_ERROR_TEMPLATE:
<!DOCTYPE HTML PUBLIC "-//IETF//DTD HTML 2.0//EN">
<html>
    <head>
        <title>Error %(status)d: %(error_name)s</title>
    </head>
    <body>
        <h1>Error %(status)d: %(error_name)s</h1>
        <p>Sorry, the requested URL <tt>%(url)s</tt> caused an error:</p>
        <pre>
            %(error_message)s
        </pre>
    </body>
</html>

./bottle.py TRACEBACK_TEMPLATE:
<h2>Traceback:</h2>
<pre>
%s
</pre>

./bottle.py request: <bottle.Request object at 0x7f36d80b18a0>
./bottle.py response: <bottle.Response object at 0x7f36d80b1910>
./bottle.py db: <bottle.BottleDB object at 0x7f36d80b1980>
./bottle.py local: <thread._local object at 0x7f36d80bf590>
1 ----------------------------------------------------------
./bottle.py debug DEBUG: True
2 ----------------------------------------------------------
./bottle.py route url: /
./bottle.py route kargs: {}
./bottle.py default_app _default_app: None
./bottle.py Bottle __init__ catchall: True
./bottle.py Bottle __init__ optimize: False
./bottle.py Bottle __init__ autojson: True
./bottle.py Bottle route url: /
./bottle.py Bottle route kargs: {}
./bottle.py Bottle route wrapper handler: <function hello_world at 0x7f36d8ab2ad0>
./bottle.py Bottle add_route route: /
./bottle.py Bottle add_route handler: <function hello_world at 0x7f36d8ab2ad0>
./bottle.py Bottle add_route method: GET
./bottle.py Bottle add_route simple: False
./bottle.py Bottle add_route kargs: {}
./bottle.py Bottle add_route isinstance(handler, type): False
./bottle.py Bottle add_route isinstance(handler, BaseController): False
./bottle.py Bottle add_route self.simple_routes: {'GET': {'': <function hello_world at 0x7f36d8ab2ad0>}}
./bottle.py Bottle add_route self.regexp_routes: {}
./bottle.py route url: /hello
./bottle.py route kargs: {}
./bottle.py default_app _default_app: <bottle.Bottle object at 0x7f36d8ab8b10>
./bottle.py Bottle route url: /hello
./bottle.py Bottle route kargs: {}
./bottle.py Bottle route wrapper handler: <function hello_get at 0x7f36d8ab2dd0>
./bottle.py Bottle add_route route: /hello
./bottle.py Bottle add_route handler: <function hello_get at 0x7f36d8ab2dd0>
./bottle.py Bottle add_route method: GET
./bottle.py Bottle add_route simple: False
./bottle.py Bottle add_route kargs: {}
./bottle.py Bottle add_route isinstance(handler, type): False
./bottle.py Bottle add_route isinstance(handler, BaseController): False
./bottle.py Bottle add_route self.simple_routes: {'GET': {'': <function hello_world at 0x7f36d8ab2ad0>, 'hello': <function hello_get at 0x7f36d8ab2dd0>}}
./bottle.py Bottle add_route self.regexp_routes: {}
./bottle.py route url: /hello_post
./bottle.py route kargs: {'method': 'POST'}
./bottle.py default_app _default_app: <bottle.Bottle object at 0x7f36d8ab8b10>
./bottle.py Bottle route url: /hello_post
./bottle.py Bottle route kargs: {'method': 'POST'}
./bottle.py Bottle route wrapper handler: <function hello_post at 0x7f36d8ab2ed0>
./bottle.py Bottle add_route route: /hello_post
./bottle.py Bottle add_route handler: <function hello_post at 0x7f36d8ab2ed0>
./bottle.py Bottle add_route method: POST
./bottle.py Bottle add_route simple: False
./bottle.py Bottle add_route kargs: {}
./bottle.py Bottle add_route isinstance(handler, type): False
./bottle.py Bottle add_route isinstance(handler, BaseController): False
./bottle.py Bottle add_route self.simple_routes: {'POST': {'hello_post': <function hello_post at 0x7f36d8ab2ed0>}, 'GET': {'': <function hello_world at 0x7f36d8ab2ad0>, 'hello': <function hello_get at 0x7f36d8ab2dd0>}}
./bottle.py Bottle add_route self.regexp_routes: {}
./bottle.py route url: /counter
./bottle.py route kargs: {}
./bottle.py default_app _default_app: <bottle.Bottle object at 0x7f36d8ab8b10>
./bottle.py Bottle route url: /counter
./bottle.py Bottle route kargs: {}
./bottle.py Bottle route wrapper handler: <function counter at 0x7f36d8abfa50>
./bottle.py Bottle add_route route: /counter
./bottle.py Bottle add_route handler: <function counter at 0x7f36d8abfa50>
./bottle.py Bottle add_route method: GET
./bottle.py Bottle add_route simple: False
./bottle.py Bottle add_route kargs: {}
./bottle.py Bottle add_route isinstance(handler, type): False
./bottle.py Bottle add_route isinstance(handler, BaseController): False
./bottle.py Bottle add_route self.simple_routes: {'POST': {'hello_post': <function hello_post at 0x7f36d8ab2ed0>}, 'GET': {'': <function hello_world at 0x7f36d8ab2ad0>, 'counter': <function counter at 0x7f36d8abfa50>, 'hello': <function hello_get at 0x7f36d8ab2dd0>}}
./bottle.py Bottle add_route self.regexp_routes: {}
./bottle.py route url: /hello/:name
./bottle.py route kargs: {}
./bottle.py default_app _default_app: <bottle.Bottle object at 0x7f36d8ab8b10>
./bottle.py Bottle route url: /hello/:name
./bottle.py Bottle route kargs: {}
./bottle.py Bottle route wrapper handler: <function hello_url at 0x7f36d8ac2150>
./bottle.py Bottle add_route route: /hello/:name
./bottle.py Bottle add_route handler: <function hello_url at 0x7f36d8ac2150>
./bottle.py Bottle add_route method: GET
./bottle.py Bottle add_route simple: False
./bottle.py Bottle add_route kargs: {}
./bottle.py Bottle add_route isinstance(handler, type): False
./bottle.py Bottle add_route isinstance(handler, BaseController): False
./bottle.py Bottle add_route self.simple_routes: {'POST': {'hello_post': <function hello_post at 0x7f36d8ab2ed0>}, 'GET': {'': <function hello_world at 0x7f36d8ab2ad0>, 'counter': <function counter at 0x7f36d8abfa50>, 'hello': <function hello_get at 0x7f36d8ab2dd0>}}
./bottle.py Bottle add_route self.regexp_routes: {'GET': [[<_sre.SRE_Pattern object at 0x7f36d816cab0>, <function hello_url at 0x7f36d8ac2150>]]}
./bottle.py route url: /number/:num#[0-9]+#
./bottle.py route kargs: {}
./bottle.py default_app _default_app: <bottle.Bottle object at 0x7f36d8ab8b10>
./bottle.py Bottle route url: /number/:num#[0-9]+#
./bottle.py Bottle route kargs: {}
./bottle.py Bottle route wrapper handler: <function hello_number at 0x7f36d8ac26d0>
./bottle.py Bottle add_route route: /number/:num#[0-9]+#
./bottle.py Bottle add_route handler: <function hello_number at 0x7f36d8ac26d0>
./bottle.py Bottle add_route method: GET
./bottle.py Bottle add_route simple: False
./bottle.py Bottle add_route kargs: {}
./bottle.py Bottle add_route isinstance(handler, type): False
./bottle.py Bottle add_route isinstance(handler, BaseController): False
./bottle.py Bottle add_route self.simple_routes: {'POST': {'hello_post': <function hello_post at 0x7f36d8ab2ed0>}, 'GET': {'': <function hello_world at 0x7f36d8ab2ad0>, 'counter': <function counter at 0x7f36d8abfa50>, 'hello': <function hello_get at 0x7f36d8ab2dd0>}}
./bottle.py Bottle add_route self.regexp_routes: {'GET': [[<_sre.SRE_Pattern object at 0x7f36d816cab0>, <function hello_url at 0x7f36d8ac2150>], [<_sre.SRE_Pattern object at 0x7f36d8110430>, <function hello_number at 0x7f36d8ac26d0>]]}
./bottle.py route url: /static/:filename#.*#
./bottle.py route kargs: {}
./bottle.py default_app _default_app: <bottle.Bottle object at 0x7f36d8ab8b10>
./bottle.py Bottle route url: /static/:filename#.*#
./bottle.py Bottle route kargs: {}
./bottle.py Bottle route wrapper handler: <function static_file at 0x7f36d8ac27d0>
./bottle.py Bottle add_route route: /static/:filename#.*#
./bottle.py Bottle add_route handler: <function static_file at 0x7f36d8ac27d0>
./bottle.py Bottle add_route method: GET
./bottle.py Bottle add_route simple: False
./bottle.py Bottle add_route kargs: {}
./bottle.py Bottle add_route isinstance(handler, type): False
./bottle.py Bottle add_route isinstance(handler, BaseController): False
./bottle.py Bottle add_route self.simple_routes: {'POST': {'hello_post': <function hello_post at 0x7f36d8ab2ed0>}, 'GET': {'': <function hello_world at 0x7f36d8ab2ad0>, 'counter': <function counter at 0x7f36d8abfa50>, 'hello': <function hello_get at 0x7f36d8ab2dd0>}}
./bottle.py Bottle add_route self.regexp_routes: {'GET': [[<_sre.SRE_Pattern object at 0x7f36d816cab0>, <function hello_url at 0x7f36d8ac2150>], [<_sre.SRE_Pattern object at 0x7f36d8110430>, <function hello_number at 0x7f36d8ac26d0>], [<_sre.SRE_Pattern object at 0x7f36d816cb90>, <function static_file at 0x7f36d8ac27d0>]]}
./bottle.py route url: /json
./bottle.py route kargs: {}
./bottle.py default_app _default_app: <bottle.Bottle object at 0x7f36d8ab8b10>
./bottle.py Bottle route url: /json
./bottle.py Bottle route kargs: {}
./bottle.py Bottle route wrapper handler: <function json at 0x7f36d8ac9050>
./bottle.py Bottle add_route route: /json
./bottle.py Bottle add_route handler: <function json at 0x7f36d8ac9050>
./bottle.py Bottle add_route method: GET
./bottle.py Bottle add_route simple: False
./bottle.py Bottle add_route kargs: {}
./bottle.py Bottle add_route isinstance(handler, type): False
./bottle.py Bottle add_route isinstance(handler, BaseController): False
./bottle.py Bottle add_route self.simple_routes: {'POST': {'hello_post': <function hello_post at 0x7f36d8ab2ed0>}, 'GET': {'': <function hello_world at 0x7f36d8ab2ad0>, 'json': <function json at 0x7f36d8ac9050>, 'counter': <function counter at 0x7f36d8abfa50>, 'hello': <function hello_get at 0x7f36d8ab2dd0>}}
./bottle.py Bottle add_route self.regexp_routes: {'GET': [[<_sre.SRE_Pattern object at 0x7f36d816cab0>, <function hello_url at 0x7f36d8ac2150>], [<_sre.SRE_Pattern object at 0x7f36d8110430>, <function hello_number at 0x7f36d8ac26d0>], [<_sre.SRE_Pattern object at 0x7f36d816cb90>, <function static_file at 0x7f36d8ac27d0>]]}
./bottle.py route url: /private
./bottle.py route kargs: {}
./bottle.py default_app _default_app: <bottle.Bottle object at 0x7f36d8ab8b10>
./bottle.py Bottle route url: /private
./bottle.py Bottle route kargs: {}
./bottle.py Bottle route wrapper handler: <function private at 0x7f36d8ac9150>
./bottle.py Bottle add_route route: /private
./bottle.py Bottle add_route handler: <function private at 0x7f36d8ac9150>
./bottle.py Bottle add_route method: GET
./bottle.py Bottle add_route simple: False
./bottle.py Bottle add_route kargs: {}
./bottle.py Bottle add_route isinstance(handler, type): False
./bottle.py Bottle add_route isinstance(handler, BaseController): False
./bottle.py Bottle add_route self.simple_routes: {'POST': {'hello_post': <function hello_post at 0x7f36d8ab2ed0>}, 'GET': {'': <function hello_world at 0x7f36d8ab2ad0>, 'json': <function json at 0x7f36d8ac9050>, 'counter': <function counter at 0x7f36d8abfa50>, 'hello': <function hello_get at 0x7f36d8ab2dd0>, 'private': <function private at 0x7f36d8ac9150>}}
./bottle.py Bottle add_route self.regexp_routes: {'GET': [[<_sre.SRE_Pattern object at 0x7f36d816cab0>, <function hello_url at 0x7f36d8ac2150>], [<_sre.SRE_Pattern object at 0x7f36d8110430>, <function hello_number at 0x7f36d8ac26d0>], [<_sre.SRE_Pattern object at 0x7f36d816cb90>, <function static_file at 0x7f36d8ac27d0>]]}
./bottle.py route url: /validate/:i/:f/:csv
./bottle.py route kargs: {}
./bottle.py default_app _default_app: <bottle.Bottle object at 0x7f36d8ab8b10>
./bottle.py Bottle route url: /validate/:i/:f/:csv
./bottle.py Bottle route kargs: {}
./bottle.py validate vkargs: {'i': <type 'int'>, 'csv': <function <lambda> at 0x7f36d8ac92d0>, 'f': <type 'float'>}
./bottle.py validate decorator func: <function validate_test at 0x7f36d8ac94d0>
./bottle.py Bottle route wrapper handler: <function wrapper at 0x7f36d8ac95d0>
./bottle.py Bottle add_route route: /validate/:i/:f/:csv
./bottle.py Bottle add_route handler: <function wrapper at 0x7f36d8ac95d0>
./bottle.py Bottle add_route method: GET
./bottle.py Bottle add_route simple: False
./bottle.py Bottle add_route kargs: {}
./bottle.py Bottle add_route isinstance(handler, type): False
./bottle.py Bottle add_route isinstance(handler, BaseController): False
./bottle.py Bottle add_route self.simple_routes: {'POST': {'hello_post': <function hello_post at 0x7f36d8ab2ed0>}, 'GET': {'': <function hello_world at 0x7f36d8ab2ad0>, 'json': <function json at 0x7f36d8ac9050>, 'counter': <function counter at 0x7f36d8abfa50>, 'hello': <function hello_get at 0x7f36d8ab2dd0>, 'private': <function private at 0x7f36d8ac9150>}}
./bottle.py Bottle add_route self.regexp_routes: {'GET': [[<_sre.SRE_Pattern object at 0x7f36d816cab0>, <function hello_url at 0x7f36d8ac2150>], [<_sre.SRE_Pattern object at 0x7f36d8110430>, <function hello_number at 0x7f36d8ac26d0>], [<_sre.SRE_Pattern object at 0x7f36d816cb90>, <function static_file at 0x7f36d8ac27d0>], [<_sre.SRE_Pattern object at 0x7f36d81a8450>, <function wrapper at 0x7f36d8ac95d0>]]}
./bottle.py route url: /template/test
./bottle.py route kargs: {}
./bottle.py default_app _default_app: <bottle.Bottle object at 0x7f36d8ab8b10>
./bottle.py Bottle route url: /template/test
./bottle.py Bottle route kargs: {}
./bottle.py Bottle route wrapper handler: <function template_test at 0x7f36d8ac93d0>
./bottle.py Bottle add_route route: /template/test
./bottle.py Bottle add_route handler: <function template_test at 0x7f36d8ac93d0>
./bottle.py Bottle add_route method: GET
./bottle.py Bottle add_route simple: False
./bottle.py Bottle add_route kargs: {}
./bottle.py Bottle add_route isinstance(handler, type): False
./bottle.py Bottle add_route isinstance(handler, BaseController): False
./bottle.py Bottle add_route self.simple_routes: {'POST': {'hello_post': <function hello_post at 0x7f36d8ab2ed0>}, 'GET': {'': <function hello_world at 0x7f36d8ab2ad0>, 'template/test': <function template_test at 0x7f36d8ac93d0>, 'counter': <function counter at 0x7f36d8abfa50>, 'private': <function private at 0x7f36d8ac9150>, 'json': <function json at 0x7f36d8ac9050>, 'hello': <function hello_get at 0x7f36d8ab2dd0>}}
./bottle.py Bottle add_route self.regexp_routes: {'GET': [[<_sre.SRE_Pattern object at 0x7f36d816cab0>, <function hello_url at 0x7f36d8ac2150>], [<_sre.SRE_Pattern object at 0x7f36d8110430>, <function hello_number at 0x7f36d8ac26d0>], [<_sre.SRE_Pattern object at 0x7f36d816cb90>, <function static_file at 0x7f36d8ac27d0>], [<_sre.SRE_Pattern object at 0x7f36d81a8450>, <function wrapper at 0x7f36d8ac95d0>]]}
./bottle.py route url: /db/counter
./bottle.py route kargs: {}
./bottle.py default_app _default_app: <bottle.Bottle object at 0x7f36d8ab8b10>
./bottle.py Bottle route url: /db/counter
./bottle.py Bottle route kargs: {}
./bottle.py Bottle route wrapper handler: <function db_counter_test at 0x7f36d8ac97d0>
./bottle.py Bottle add_route route: /db/counter
./bottle.py Bottle add_route handler: <function db_counter_test at 0x7f36d8ac97d0>
./bottle.py Bottle add_route method: GET
./bottle.py Bottle add_route simple: False
./bottle.py Bottle add_route kargs: {}
./bottle.py Bottle add_route isinstance(handler, type): False
./bottle.py Bottle add_route isinstance(handler, BaseController): False
./bottle.py Bottle add_route self.simple_routes: {'POST': {'hello_post': <function hello_post at 0x7f36d8ab2ed0>}, 'GET': {'': <function hello_world at 0x7f36d8ab2ad0>, 'template/test': <function template_test at 0x7f36d8ac93d0>, 'counter': <function counter at 0x7f36d8abfa50>, 'private': <function private at 0x7f36d8ac9150>, 'db/counter': <function db_counter_test at 0x7f36d8ac97d0>, 'json': <function json at 0x7f36d8ac9050>, 'hello': <function hello_get at 0x7f36d8ab2dd0>}}
./bottle.py Bottle add_route self.regexp_routes: {'GET': [[<_sre.SRE_Pattern object at 0x7f36d816cab0>, <function hello_url at 0x7f36d8ac2150>], [<_sre.SRE_Pattern object at 0x7f36d8110430>, <function hello_number at 0x7f36d8ac26d0>], [<_sre.SRE_Pattern object at 0x7f36d816cb90>, <function static_file at 0x7f36d8ac27d0>], [<_sre.SRE_Pattern object at 0x7f36d81a8450>, <function wrapper at 0x7f36d8ac95d0>]]}
3 ----------------------------------------------------------
./examples/howto.py os.environ.get('BOTTLE_CHILD'): true
./bottle.py run app: None
./bottle.py run server: <class 'bottle.WSGIRefServer'>
./bottle.py run host: localhost
./bottle.py run port: 8080
./bottle.py run interval: 1
./bottle.py run reloader: True
./bottle.py run kargs: {}
./bottle.py default_app _default_app: <bottle.Bottle object at 0x7f36d8ab8b10>
./bottle.py run app: <bottle.Bottle object at 0x7f36d8ab8b10>
./bottle.py run quiet: False
./bottle.py run isinstance(server, type): True
./bottle.py run not reloader: False
./bottle.py run os.environ.get('BOTTLE_CHILD'): true
Bottle server starting up (using WSGIRefServer (localhost:8080))...
Listening on http://localhost:8080/
Use Ctrl-C to quit.

./bottle.py reloader_run files: {'/root/miniconda3/envs/bottle_python_2_7/lib/python2.7/sre_constants.py': 1669357687.0, '/root/miniconda3/envs/bottle_python_2_7/lib/python2.7/_sysconfigdata.py': 1765615366.1589115, '/root/miniconda3/envs/bottle_python_2_7/lib/python2.7/sre_compile.py': 1669357687.0, '/root/miniconda3/envs/bottle_python_2_7/lib/python2.7/codecs.py': 1669357687.0, '/root/miniconda3/envs/bottle_python_2_7/lib/python2.7/re.py': 1669357687.0, '/root/miniconda3/envs/bottle_python_2_7/lib/python2.7/mimetypes.py': 1669357687.0, '/root/miniconda3/envs/bottle_python_2_7/lib/python2.7/urlparse.py': 1669357687.0, '/root/miniconda3/envs/bottle_python_2_7/lib/python2.7/threading.py': 1669357687.0, '/root/miniconda3/envs/bottle_python_2_7/lib/python2.7/UserDict.py': 1669357687.0, '/root/miniconda3/envs/bottle_python_2_7/lib/python2.7/email/mime/audio.py': 1669357688.0, '/root/miniconda3/envs/bottle_python_2_7/lib/python2.7/email/parser.py': 1669357688.0, '/root/miniconda3/envs/bottle_python_2_7/lib/python2.7/pickle.py': 1669357687.0, '/root/miniconda3/envs/bottle_python_2_7/lib/python2.7/rfc822.py': 1669357687.0, '/root/miniconda3/envs/bottle_python_2_7/lib/python2.7/tempfile.py': 1669357687.0, '/root/miniconda3/envs/bottle_python_2_7/lib/python2.7/warnings.py': 1669357687.0, '/root/miniconda3/envs/bottle_python_2_7/lib/python2.7/urllib.py': 1669357687.0, '/root/miniconda3/envs/bottle_python_2_7/lib/python2.7/locale.py': 1669357687.0, '/root/miniconda3/envs/bottle_python_2_7/lib/python2.7/linecache.py': 1669357687.0, '/root/miniconda3/envs/bottle_python_2_7/lib/python2.7/subprocess.py': 1669357687.0, '/root/miniconda3/envs/bottle_python_2_7/lib/python2.7/sysconfig.py': 1669357687.0, '/root/miniconda3/envs/bottle_python_2_7/lib/python2.7/email/mime/text.py': 1669357688.0, '/root/miniconda3/envs/bottle_python_2_7/lib/python2.7/email/mime/message.py': 1669357688.0, '/root/miniconda3/envs/bottle_python_2_7/lib/python2.7/io.py': 1669357687.0, '/root/miniconda3/envs/bottle_python_2_7/lib/python2.7/json/encoder.py': 1669357688.0, '/root/miniconda3/envs/bottle_python_2_7/lib/python2.7/socket.py': 1669357687.0, '/root/miniconda3/envs/bottle_python_2_7/lib/python2.7/traceback.py': 1669357687.0, '/root/miniconda3/envs/bottle_python_2_7/lib/python2.7/contextlib.py': 1669357687.0, '/root/miniconda3/envs/bottle_python_2_7/lib/python2.7/wsgiref/headers.py': 1669357688.0, '/root/miniconda3/envs/bottle_python_2_7/lib/python2.7/email/generator.py': 1669357688.0, '/root/miniconda3/envs/bottle_python_2_7/lib/python2.7/ssl.py': 1669357687.0, '/root/miniconda3/envs/bottle_python_2_7/lib/python2.7/heapq.py': 1669357687.0, '/root/miniconda3/envs/bottle_python_2_7/lib/python2.7/site.py': 1669357687.0, '/root/miniconda3/envs/bottle_python_2_7/lib/python2.7/email/mime/__init__.py': 1669357688.0, '/root/miniconda3/envs/bottle_python_2_7/lib/python2.7/encodings/utf_8.py': 1669357688.0, '/root/miniconda3/envs/bottle_python_2_7/lib/python2.7/sre_parse.py': 1669357687.0, '/root/miniconda3/envs/bottle_python_2_7/lib/python2.7/dumbdbm.py': 1669357687.0, '/root/miniconda3/envs/bottle_python_2_7/lib/python2.7/email/errors.py': 1669357688.0, '/root/miniconda3/envs/bottle_python_2_7/lib/python2.7/posixpath.py': 1669357687.0, '/root/miniconda3/envs/bottle_python_2_7/lib/python2.7/stat.py': 1669357687.0, '/root/miniconda3/envs/bottle_python_2_7/lib/python2.7/json/scanner.py': 1669357688.0, '/root/miniconda3/envs/bottle_python_2_7/lib/python2.7/email/header.py': 1669357688.0, '/root/miniconda3/envs/bottle_python_2_7/lib/python2.7/anydbm.py': 1669357687.0, '/root/miniconda3/envs/bottle_python_2_7/lib/python2.7/_weakrefset.py': 1669357688.0, '/root/miniconda3/envs/bottle_python_2_7/lib/python2.7/string.py': 1669357687.0, '/root/miniconda3/envs/bottle_python_2_7/lib/python2.7/keyword.py': 1669357687.0, '/root/miniconda3/envs/bottle_python_2_7/lib/python2.7/__future__.py': 1669357687.0, '/root/miniconda3/envs/bottle_python_2_7/lib/python2.7/functools.py': 1669357687.0, '/root/miniconda3/envs/bottle_python_2_7/lib/python2.7/wsgiref/__init__.py': 1669357688.0, '/root/miniconda3/envs/bottle_python_2_7/lib/python2.7/mimetools.py': 1669357687.0, '/root/miniconda3/envs/bottle_python_2_7/lib/python2.7/email/charset.py': 1669357688.0, '/root/miniconda3/envs/bottle_python_2_7/lib/python2.7/email/mime/image.py': 1669357688.0, '/root/miniconda3/envs/bottle_python_2_7/lib/python2.7/types.py': 1669357687.0, '/root/miniconda3/envs/bottle_python_2_7/lib/python2.7/quopri.py': 1669357687.0, '/root/miniconda3/envs/bottle_python_2_7/lib/python2.7/abc.py': 1669357687.0, '/root/miniconda3/envs/bottle_python_2_7/lib/python2.7/email/encoders.py': 1669357688.0, '/root/miniconda3/envs/bottle_python_2_7/lib/python2.7/textwrap.py': 1669357687.0, '/root/miniconda3/envs/bottle_python_2_7/lib/python2.7/email/mime/multipart.py': 1669357688.0, '/root/miniconda3/envs/bottle_python_2_7/lib/python2.7/random.py': 1669357687.0, '/root/miniconda3/envs/bottle_python_2_7/lib/python2.7/genericpath.py': 1669357687.0, '/root/miniconda3/envs/bottle_python_2_7/lib/python2.7/base64.py': 1669357687.0, '/root/miniconda3/envs/bottle_python_2_7/lib/python2.7/struct.py': 1669357687.0, '/root/miniconda3/envs/bottle_python_2_7/lib/python2.7/os.py': 1669357687.0, '/root/miniconda3/envs/bottle_python_2_7/lib/python2.7/collections.py': 1669357687.0, '/root/miniconda3/envs/bottle_python_2_7/lib/python2.7/email/message.py': 1669357688.0, '/root/miniconda3/envs/bottle_python_2_7/lib/python2.7/email/mime/nonmultipart.py': 1669357688.0, '/root/miniconda3/envs/bottle_python_2_7/lib/python2.7/json/__init__.py': 1669357688.0, '/root/miniconda3/envs/bottle_python_2_7/lib/python2.7/encodings/__init__.py': 1669357688.0, '/root/miniconda3/envs/bottle_python_2_7/lib/python2.7/cgi.py': 1669357687.0, '/root/miniconda3/envs/bottle_python_2_7/lib/python2.7/email/iterators.py': 1669357688.0, '/root/miniconda3/envs/bottle_python_2_7/lib/python2.7/calendar.py': 1669357687.0, '/root/miniconda3/envs/bottle_python_2_7/lib/python2.7/ast.py': 1669357687.0, '/root/miniconda3/envs/bottle_python_2_7/lib/python2.7/email/mime/base.py': 1669357688.0, '/root/miniconda3/envs/bottle_python_2_7/lib/python2.7/email/utils.py': 1669357688.0, '/root/miniconda3/envs/bottle_python_2_7/lib/python2.7/email/__init__.py': 1669357688.0, '/root/bottle/bottle.py': 1765619579.0563195, '/root/miniconda3/envs/bottle_python_2_7/lib/python2.7/encodings/aliases.py': 1669357688.0, 'howto.py': 1765620014.0757313, '/root/miniconda3/envs/bottle_python_2_7/lib/python2.7/_abcoll.py': 1669357687.0, '/root/miniconda3/envs/bottle_python_2_7/lib/python2.7/email/quoprimime.py': 1669357688.0, '/root/miniconda3/envs/bottle_python_2_7/lib/python2.7/copy_reg.py': 1669357687.0, '/root/miniconda3/envs/bottle_python_2_7/lib/python2.7/email/feedparser.py': 1669357688.0, '/root/miniconda3/envs/bottle_python_2_7/lib/python2.7/json/decoder.py': 1669357688.0, '/root/miniconda3/envs/bottle_python_2_7/lib/python2.7/email/_parseaddr.py': 1669357688.0, '/root/miniconda3/envs/bottle_python_2_7/lib/python2.7/hashlib.py': 1669357687.0, '/root/miniconda3/envs/bottle_python_2_7/lib/python2.7/Cookie.py': 1669357687.0, '/root/miniconda3/envs/bottle_python_2_7/lib/python2.7/email/base64mime.py': 1669357688.0}
