./bottle.py py: sys.version_info(major=3, minor=12, micro=12, releaselevel='final', serial=0)
./bottle.py py3k: True
./bottle.py tonat: <function touni at 0x7f2c98153740>
./bottle.py cached_property __init__ func: <function Route.call at 0x7f2c9815c860>
./bottle.py update_wrapper wrapper: <bottle.cached_property object at 0x7f2c982fc0b0>
./bottle.py update_wrapper wrapped: <function Route.call at 0x7f2c9815c860>
./bottle.py update_wrapper a: ()
./bottle.py update_wrapper ka: {}
./bottle.py lazy_attribute __init__ func: <function Bottle._global_config at 0x7f2c9815ce00>
./bottle.py DictProperty __init__ attr: config
./bottle.py DictProperty __init__ key: catchall
./bottle.py DictProperty __init__ read_only: False
./bottle.py cached_property __init__ func: <function Bottle._hooks at 0x7f2c9815cf40>
./bottle.py update_wrapper wrapper: <bottle.cached_property object at 0x7f2c98fbb320>
./bottle.py update_wrapper wrapped: <function Bottle._hooks at 0x7f2c9815cf40>
./bottle.py update_wrapper a: ()
./bottle.py update_wrapper ka: {}
./bottle.py DictProperty __init__ attr: environ
./bottle.py DictProperty __init__ key: bottle.app
./bottle.py DictProperty __init__ read_only: True
./bottle.py DictProperty __call__ func: <function BaseRequest.app at 0x7f2c9815e3e0>
./bottle.py DictProperty __init__ attr: environ
./bottle.py DictProperty __init__ key: bottle.route
./bottle.py DictProperty __init__ read_only: True
./bottle.py DictProperty __call__ func: <function BaseRequest.route at 0x7f2c9815e480>
./bottle.py DictProperty __init__ attr: environ
./bottle.py DictProperty __init__ key: route.url_args
./bottle.py DictProperty __init__ read_only: True
./bottle.py DictProperty __call__ func: <function BaseRequest.url_args at 0x7f2c9815e520>
./bottle.py DictProperty __init__ attr: environ
./bottle.py DictProperty __init__ key: bottle.request.headers
./bottle.py DictProperty __init__ read_only: True
./bottle.py DictProperty __call__ func: <function BaseRequest.headers at 0x7f2c9815e700>
./bottle.py DictProperty __init__ attr: environ
./bottle.py DictProperty __init__ key: bottle.request.cookies
./bottle.py DictProperty __init__ read_only: True
./bottle.py DictProperty __call__ func: <function BaseRequest.cookies at 0x7f2c9815e840>
./bottle.py DictProperty __init__ attr: environ
./bottle.py DictProperty __init__ key: bottle.request.query
./bottle.py DictProperty __init__ read_only: True
./bottle.py DictProperty __call__ func: <function BaseRequest.query at 0x7f2c9815e980>
./bottle.py DictProperty __init__ attr: environ
./bottle.py DictProperty __init__ key: bottle.request.forms
./bottle.py DictProperty __init__ read_only: True
./bottle.py DictProperty __call__ func: <function BaseRequest.forms at 0x7f2c9815ea20>
./bottle.py DictProperty __init__ attr: environ
./bottle.py DictProperty __init__ key: bottle.request.params
./bottle.py DictProperty __init__ read_only: True
./bottle.py DictProperty __call__ func: <function BaseRequest.params at 0x7f2c9815eac0>
./bottle.py DictProperty __init__ attr: environ
./bottle.py DictProperty __init__ key: bottle.request.files
./bottle.py DictProperty __init__ read_only: True
./bottle.py DictProperty __call__ func: <function BaseRequest.files at 0x7f2c9815eb60>
./bottle.py DictProperty __init__ attr: environ
./bottle.py DictProperty __init__ key: bottle.request.json
./bottle.py DictProperty __init__ read_only: True
./bottle.py DictProperty __call__ func: <function BaseRequest.json at 0x7f2c9815ec00>
./bottle.py DictProperty __init__ attr: environ
./bottle.py DictProperty __init__ key: bottle.request.body
./bottle.py DictProperty __init__ read_only: True
./bottle.py DictProperty __call__ func: <function BaseRequest._body at 0x7f2c9815ede0>
./bottle.py DictProperty __init__ attr: environ
./bottle.py DictProperty __init__ key: bottle.request.post
./bottle.py DictProperty __init__ read_only: True
./bottle.py DictProperty __call__ func: <function BaseRequest.POST at 0x7f2c9815f100>
./bottle.py DictProperty __init__ attr: environ
./bottle.py DictProperty __init__ key: bottle.request.urlparts
./bottle.py DictProperty __init__ read_only: True
./bottle.py DictProperty __call__ func: <function BaseRequest.urlparts at 0x7f2c9815f2e0>
./bottle.py HeaderProperty __init__ name: Content-Type
./bottle.py HeaderProperty __init__ reader: None
./bottle.py HeaderProperty __init__ writer: None
./bottle.py HeaderProperty __init__ default: 
./bottle.py HeaderProperty __init__ name: Content-Length
./bottle.py HeaderProperty __init__ reader: <class 'int'>
./bottle.py HeaderProperty __init__ writer: None
./bottle.py HeaderProperty __init__ default: -1
./bottle.py HeaderProperty __init__ name: Expires
./bottle.py HeaderProperty __init__ reader: <function BaseResponse.<lambda> at 0x7f2c98169260>
./bottle.py HeaderProperty __init__ writer: <function BaseResponse.<lambda> at 0x7f2c98169300>
./bottle.py HeaderProperty __init__ default: 
./bottle.py Request: <class 'bottle.BaseRequest'>
./bottle.py Response: <class 'bottle.BaseResponse'>
./bottle.py _UNSET: <object object at 0x7f2c98f9cbe0>
./bottle.py HeaderProperty __init__ name: Content-Type
./bottle.py HeaderProperty __init__ reader: None
./bottle.py HeaderProperty __init__ writer: None
./bottle.py HeaderProperty __init__ default: 
./bottle.py HeaderProperty __init__ name: Content-Length
./bottle.py HeaderProperty __init__ reader: <class 'int'>
./bottle.py HeaderProperty __init__ writer: None
./bottle.py HeaderProperty __init__ default: -1
./bottle.py cached_property __init__ func: <function FileUpload.filename at 0x7f2c9816de40>
./bottle.py update_wrapper wrapper: <bottle.cached_property object at 0x7f2c9814dbe0>
./bottle.py update_wrapper wrapped: <function FileUpload.filename at 0x7f2c9816de40>
./bottle.py update_wrapper a: ()
./bottle.py update_wrapper ka: {}
./bottle.py make_default_app_wrapper name: route
./bottle.py make_default_app_wrapper name: get
./bottle.py make_default_app_wrapper name: post
./bottle.py make_default_app_wrapper name: put
./bottle.py make_default_app_wrapper name: delete
./bottle.py make_default_app_wrapper name: patch
./bottle.py make_default_app_wrapper name: error
./bottle.py make_default_app_wrapper name: mount
./bottle.py make_default_app_wrapper name: hook
./bottle.py make_default_app_wrapper name: install
./bottle.py make_default_app_wrapper name: uninstall
./bottle.py make_default_app_wrapper name: get_url
./bottle.py route: <function Bottle.route at 0x7f2c9816eca0>
./bottle.py get: <function Bottle.get at 0x7f2c9816ed40>
./bottle.py post: <function Bottle.post at 0x7f2c9816ede0>
./bottle.py put: <function Bottle.put at 0x7f2c9816ee80>
./bottle.py delete: <function Bottle.delete at 0x7f2c9816ef20>
./bottle.py patch: <function Bottle.patch at 0x7f2c9816efc0>
./bottle.py error: <function Bottle.error at 0x7f2c9816f060>
./bottle.py mount: <function Bottle.mount at 0x7f2c9816f100>
./bottle.py hook: <function Bottle.hook at 0x7f2c9816f1a0>
./bottle.py install: <function Bottle.install at 0x7f2c9816f240>
./bottle.py uninstall: <function Bottle.uninstall at 0x7f2c9816f2e0>
./bottle.py url: <function Bottle.get_url at 0x7f2c9816f380>
./bottle.py server_names: {'cgi': <class 'bottle.CGIServer'>, 'flup': <class 'bottle.FlupFCGIServer'>, 'wsgiref': <class 'bottle.WSGIRefServer'>, 'waitress': <class 'bottle.WaitressServer'>, 'cherrypy': <class 'bottle.CherryPyServer'>, 'cheroot': <class 'bottle.CherootServer'>, 'paste': <class 'bottle.PasteServer'>, 'fapws3': <class 'bottle.FapwsServer'>, 'tornado': <class 'bottle.TornadoServer'>, 'gae': <class 'bottle.AppEngineServer'>, 'twisted': <class 'bottle.TwistedServer'>, 'diesel': <class 'bottle.DieselServer'>, 'meinheld': <class 'bottle.MeinheldServer'>, 'gunicorn': <class 'bottle.GunicornServer'>, 'eventlet': <class 'bottle.EventletServer'>, 'gevent': <class 'bottle.GeventServer'>, 'bjoern': <class 'bottle.BjoernServer'>, 'aiohttp': <class 'bottle.AiohttpServer'>, 'uvloop': <class 'bottle.AiohttpUVLoopServer'>, 'auto': <class 'bottle.AutoServer'>}
./bottle.py _debug: <function debug at 0x7f2c9816e200>
./bottle.py cached_property __init__ func: <function SimpleTemplate.co at 0x7f2c98179c60>
./bottle.py update_wrapper wrapper: <bottle.cached_property object at 0x7f2c9814e7e0>
./bottle.py update_wrapper wrapped: <function SimpleTemplate.co at 0x7f2c98179c60>
./bottle.py update_wrapper a: ()
./bottle.py update_wrapper ka: {}
./bottle.py cached_property __init__ func: <function SimpleTemplate.code at 0x7f2c98179d00>
./bottle.py update_wrapper wrapper: <bottle.cached_property object at 0x7f2c982ce360>
./bottle.py update_wrapper wrapped: <function SimpleTemplate.code at 0x7f2c98179d00>
./bottle.py update_wrapper a: ()
./bottle.py update_wrapper ka: {}
./bottle.py mako_template: functools.partial(<function template at 0x7f2c98179080>, template_adapter=<class 'bottle.MakoTemplate'>)
./bottle.py cheetah_template: functools.partial(<function template at 0x7f2c98179080>, template_adapter=<class 'bottle.CheetahTemplate'>)
./bottle.py jinja2_template: functools.partial(<function template at 0x7f2c98179080>, template_adapter=<class 'bottle.Jinja2Template'>)
./bottle.py mako_view: functools.partial(<function view at 0x7f2c9817a7a0>, template_adapter=<class 'bottle.MakoTemplate'>)
./bottle.py cheetah_view: functools.partial(<function view at 0x7f2c9817a7a0>, template_adapter=<class 'bottle.CheetahTemplate'>)
./bottle.py jinja2_view: functools.partial(<function view at 0x7f2c9817a7a0>, template_adapter=<class 'bottle.Jinja2Template'>)
./bottle.py TEMPLATE_PATH: ['./', './views/']
./bottle.py TEMPLATES: {}
./bottle.py DEBUG: False
./bottle.py NORUN: False
./bottle.py HTTP_CODES: {<HTTPStatus.CONTINUE: 100>: 'Continue', <HTTPStatus.SWITCHING_PROTOCOLS: 101>: 'Switching Protocols', <HTTPStatus.PROCESSING: 102>: 'Processing', <HTTPStatus.EARLY_HINTS: 103>: 'Early Hints', <HTTPStatus.OK: 200>: 'OK', <HTTPStatus.CREATED: 201>: 'Created', <HTTPStatus.ACCEPTED: 202>: 'Accepted', <HTTPStatus.NON_AUTHORITATIVE_INFORMATION: 203>: 'Non-Authoritative Information', <HTTPStatus.NO_CONTENT: 204>: 'No Content', <HTTPStatus.RESET_CONTENT: 205>: 'Reset Content', <HTTPStatus.PARTIAL_CONTENT: 206>: 'Partial Content', <HTTPStatus.MULTI_STATUS: 207>: 'Multi-Status', <HTTPStatus.ALREADY_REPORTED: 208>: 'Already Reported', <HTTPStatus.IM_USED: 226>: 'IM Used', <HTTPStatus.MULTIPLE_CHOICES: 300>: 'Multiple Choices', <HTTPStatus.MOVED_PERMANENTLY: 301>: 'Moved Permanently', <HTTPStatus.FOUND: 302>: 'Found', <HTTPStatus.SEE_OTHER: 303>: 'See Other', <HTTPStatus.NOT_MODIFIED: 304>: 'Not Modified', <HTTPStatus.USE_PROXY: 305>: 'Use Proxy', <HTTPStatus.TEMPORARY_REDIRECT: 307>: 'Temporary Redirect', <HTTPStatus.PERMANENT_REDIRECT: 308>: 'Permanent Redirect', <HTTPStatus.BAD_REQUEST: 400>: 'Bad Request', <HTTPStatus.UNAUTHORIZED: 401>: 'Unauthorized', <HTTPStatus.PAYMENT_REQUIRED: 402>: 'Payment Required', <HTTPStatus.FORBIDDEN: 403>: 'Forbidden', <HTTPStatus.NOT_FOUND: 404>: 'Not Found', <HTTPStatus.METHOD_NOT_ALLOWED: 405>: 'Method Not Allowed', <HTTPStatus.NOT_ACCEPTABLE: 406>: 'Not Acceptable', <HTTPStatus.PROXY_AUTHENTICATION_REQUIRED: 407>: 'Proxy Authentication Required', <HTTPStatus.REQUEST_TIMEOUT: 408>: 'Request Timeout', <HTTPStatus.CONFLICT: 409>: 'Conflict', <HTTPStatus.GONE: 410>: 'Gone', <HTTPStatus.LENGTH_REQUIRED: 411>: 'Length Required', <HTTPStatus.PRECONDITION_FAILED: 412>: 'Precondition Failed', <HTTPStatus.REQUEST_ENTITY_TOO_LARGE: 413>: 'Request Entity Too Large', <HTTPStatus.REQUEST_URI_TOO_LONG: 414>: 'Request-URI Too Long', <HTTPStatus.UNSUPPORTED_MEDIA_TYPE: 415>: 'Unsupported Media Type', <HTTPStatus.REQUESTED_RANGE_NOT_SATISFIABLE: 416>: 'Requested Range Not Satisfiable', <HTTPStatus.EXPECTATION_FAILED: 417>: 'Expectation Failed', <HTTPStatus.IM_A_TEAPOT: 418>: "I'm a Teapot", <HTTPStatus.MISDIRECTED_REQUEST: 421>: 'Misdirected Request', <HTTPStatus.UNPROCESSABLE_ENTITY: 422>: 'Unprocessable Entity', <HTTPStatus.LOCKED: 423>: 'Locked', <HTTPStatus.FAILED_DEPENDENCY: 424>: 'Failed Dependency', <HTTPStatus.TOO_EARLY: 425>: 'Too Early', <HTTPStatus.UPGRADE_REQUIRED: 426>: 'Upgrade Required', <HTTPStatus.PRECONDITION_REQUIRED: 428>: 'Precondition Required', <HTTPStatus.TOO_MANY_REQUESTS: 429>: 'Too Many Requests', <HTTPStatus.REQUEST_HEADER_FIELDS_TOO_LARGE: 431>: 'Request Header Fields Too Large', <HTTPStatus.UNAVAILABLE_FOR_LEGAL_REASONS: 451>: 'Unavailable For Legal Reasons', <HTTPStatus.INTERNAL_SERVER_ERROR: 500>: 'Internal Server Error', <HTTPStatus.NOT_IMPLEMENTED: 501>: 'Not Implemented', <HTTPStatus.BAD_GATEWAY: 502>: 'Bad Gateway', <HTTPStatus.SERVICE_UNAVAILABLE: 503>: 'Service Unavailable', <HTTPStatus.GATEWAY_TIMEOUT: 504>: 'Gateway Timeout', <HTTPStatus.HTTP_VERSION_NOT_SUPPORTED: 505>: 'HTTP Version Not Supported', <HTTPStatus.VARIANT_ALSO_NEGOTIATES: 506>: 'Variant Also Negotiates', <HTTPStatus.INSUFFICIENT_STORAGE: 507>: 'Insufficient Storage', <HTTPStatus.LOOP_DETECTED: 508>: 'Loop Detected', <HTTPStatus.NOT_EXTENDED: 510>: 'Not Extended', <HTTPStatus.NETWORK_AUTHENTICATION_REQUIRED: 511>: 'Network Authentication Required'}
./bottle.py HTTP_CODES: {<HTTPStatus.CONTINUE: 100>: 'Continue', <HTTPStatus.SWITCHING_PROTOCOLS: 101>: 'Switching Protocols', <HTTPStatus.PROCESSING: 102>: 'Processing', <HTTPStatus.EARLY_HINTS: 103>: 'Early Hints', <HTTPStatus.OK: 200>: 'OK', <HTTPStatus.CREATED: 201>: 'Created', <HTTPStatus.ACCEPTED: 202>: 'Accepted', <HTTPStatus.NON_AUTHORITATIVE_INFORMATION: 203>: 'Non-Authoritative Information', <HTTPStatus.NO_CONTENT: 204>: 'No Content', <HTTPStatus.RESET_CONTENT: 205>: 'Reset Content', <HTTPStatus.PARTIAL_CONTENT: 206>: 'Partial Content', <HTTPStatus.MULTI_STATUS: 207>: 'Multi-Status', <HTTPStatus.ALREADY_REPORTED: 208>: 'Already Reported', <HTTPStatus.IM_USED: 226>: 'IM Used', <HTTPStatus.MULTIPLE_CHOICES: 300>: 'Multiple Choices', <HTTPStatus.MOVED_PERMANENTLY: 301>: 'Moved Permanently', <HTTPStatus.FOUND: 302>: 'Found', <HTTPStatus.SEE_OTHER: 303>: 'See Other', <HTTPStatus.NOT_MODIFIED: 304>: 'Not Modified', <HTTPStatus.USE_PROXY: 305>: 'Use Proxy', <HTTPStatus.TEMPORARY_REDIRECT: 307>: 'Temporary Redirect', <HTTPStatus.PERMANENT_REDIRECT: 308>: 'Permanent Redirect', <HTTPStatus.BAD_REQUEST: 400>: 'Bad Request', <HTTPStatus.UNAUTHORIZED: 401>: 'Unauthorized', <HTTPStatus.PAYMENT_REQUIRED: 402>: 'Payment Required', <HTTPStatus.FORBIDDEN: 403>: 'Forbidden', <HTTPStatus.NOT_FOUND: 404>: 'Not Found', <HTTPStatus.METHOD_NOT_ALLOWED: 405>: 'Method Not Allowed', <HTTPStatus.NOT_ACCEPTABLE: 406>: 'Not Acceptable', <HTTPStatus.PROXY_AUTHENTICATION_REQUIRED: 407>: 'Proxy Authentication Required', <HTTPStatus.REQUEST_TIMEOUT: 408>: 'Request Timeout', <HTTPStatus.CONFLICT: 409>: 'Conflict', <HTTPStatus.GONE: 410>: 'Gone', <HTTPStatus.LENGTH_REQUIRED: 411>: 'Length Required', <HTTPStatus.PRECONDITION_FAILED: 412>: 'Precondition Failed', <HTTPStatus.REQUEST_ENTITY_TOO_LARGE: 413>: 'Request Entity Too Large', <HTTPStatus.REQUEST_URI_TOO_LONG: 414>: 'Request-URI Too Long', <HTTPStatus.UNSUPPORTED_MEDIA_TYPE: 415>: 'Unsupported Media Type', <HTTPStatus.REQUESTED_RANGE_NOT_SATISFIABLE: 416>: 'Requested Range Not Satisfiable', <HTTPStatus.EXPECTATION_FAILED: 417>: 'Expectation Failed', <HTTPStatus.IM_A_TEAPOT: 418>: "I'm a teapot", <HTTPStatus.MISDIRECTED_REQUEST: 421>: 'Misdirected Request', <HTTPStatus.UNPROCESSABLE_ENTITY: 422>: 'Unprocessable Entity', <HTTPStatus.LOCKED: 423>: 'Locked', <HTTPStatus.FAILED_DEPENDENCY: 424>: 'Failed Dependency', <HTTPStatus.TOO_EARLY: 425>: 'Too Early', <HTTPStatus.UPGRADE_REQUIRED: 426>: 'Upgrade Required', <HTTPStatus.PRECONDITION_REQUIRED: 428>: 'Precondition Required', <HTTPStatus.TOO_MANY_REQUESTS: 429>: 'Too Many Requests', <HTTPStatus.REQUEST_HEADER_FIELDS_TOO_LARGE: 431>: 'Request Header Fields Too Large', <HTTPStatus.UNAVAILABLE_FOR_LEGAL_REASONS: 451>: 'Unavailable For Legal Reasons', <HTTPStatus.INTERNAL_SERVER_ERROR: 500>: 'Internal Server Error', <HTTPStatus.NOT_IMPLEMENTED: 501>: 'Not Implemented', <HTTPStatus.BAD_GATEWAY: 502>: 'Bad Gateway', <HTTPStatus.SERVICE_UNAVAILABLE: 503>: 'Service Unavailable', <HTTPStatus.GATEWAY_TIMEOUT: 504>: 'Gateway Timeout', <HTTPStatus.HTTP_VERSION_NOT_SUPPORTED: 505>: 'HTTP Version Not Supported', <HTTPStatus.VARIANT_ALSO_NEGOTIATES: 506>: 'Variant Also Negotiates', <HTTPStatus.INSUFFICIENT_STORAGE: 507>: 'Insufficient Storage', <HTTPStatus.LOOP_DETECTED: 508>: 'Loop Detected', <HTTPStatus.NOT_EXTENDED: 510>: 'Not Extended', <HTTPStatus.NETWORK_AUTHENTICATION_REQUIRED: 511>: 'Network Authentication Required'}
./bottle.py _HTTP_STATUS_LINES: {<HTTPStatus.CONTINUE: 100>: '100 Continue', <HTTPStatus.SWITCHING_PROTOCOLS: 101>: '101 Switching Protocols', <HTTPStatus.PROCESSING: 102>: '102 Processing', <HTTPStatus.EARLY_HINTS: 103>: '103 Early Hints', <HTTPStatus.OK: 200>: '200 OK', <HTTPStatus.CREATED: 201>: '201 Created', <HTTPStatus.ACCEPTED: 202>: '202 Accepted', <HTTPStatus.NON_AUTHORITATIVE_INFORMATION: 203>: '203 Non-Authoritative Information', <HTTPStatus.NO_CONTENT: 204>: '204 No Content', <HTTPStatus.RESET_CONTENT: 205>: '205 Reset Content', <HTTPStatus.PARTIAL_CONTENT: 206>: '206 Partial Content', <HTTPStatus.MULTI_STATUS: 207>: '207 Multi-Status', <HTTPStatus.ALREADY_REPORTED: 208>: '208 Already Reported', <HTTPStatus.IM_USED: 226>: '226 IM Used', <HTTPStatus.MULTIPLE_CHOICES: 300>: '300 Multiple Choices', <HTTPStatus.MOVED_PERMANENTLY: 301>: '301 Moved Permanently', <HTTPStatus.FOUND: 302>: '302 Found', <HTTPStatus.SEE_OTHER: 303>: '303 See Other', <HTTPStatus.NOT_MODIFIED: 304>: '304 Not Modified', <HTTPStatus.USE_PROXY: 305>: '305 Use Proxy', <HTTPStatus.TEMPORARY_REDIRECT: 307>: '307 Temporary Redirect', <HTTPStatus.PERMANENT_REDIRECT: 308>: '308 Permanent Redirect', <HTTPStatus.BAD_REQUEST: 400>: '400 Bad Request', <HTTPStatus.UNAUTHORIZED: 401>: '401 Unauthorized', <HTTPStatus.PAYMENT_REQUIRED: 402>: '402 Payment Required', <HTTPStatus.FORBIDDEN: 403>: '403 Forbidden', <HTTPStatus.NOT_FOUND: 404>: '404 Not Found', <HTTPStatus.METHOD_NOT_ALLOWED: 405>: '405 Method Not Allowed', <HTTPStatus.NOT_ACCEPTABLE: 406>: '406 Not Acceptable', <HTTPStatus.PROXY_AUTHENTICATION_REQUIRED: 407>: '407 Proxy Authentication Required', <HTTPStatus.REQUEST_TIMEOUT: 408>: '408 Request Timeout', <HTTPStatus.CONFLICT: 409>: '409 Conflict', <HTTPStatus.GONE: 410>: '410 Gone', <HTTPStatus.LENGTH_REQUIRED: 411>: '411 Length Required', <HTTPStatus.PRECONDITION_FAILED: 412>: '412 Precondition Failed', <HTTPStatus.REQUEST_ENTITY_TOO_LARGE: 413>: '413 Request Entity Too Large', <HTTPStatus.REQUEST_URI_TOO_LONG: 414>: '414 Request-URI Too Long', <HTTPStatus.UNSUPPORTED_MEDIA_TYPE: 415>: '415 Unsupported Media Type', <HTTPStatus.REQUESTED_RANGE_NOT_SATISFIABLE: 416>: '416 Requested Range Not Satisfiable', <HTTPStatus.EXPECTATION_FAILED: 417>: '417 Expectation Failed', <HTTPStatus.IM_A_TEAPOT: 418>: "418 I'm a teapot", <HTTPStatus.MISDIRECTED_REQUEST: 421>: '421 Misdirected Request', <HTTPStatus.UNPROCESSABLE_ENTITY: 422>: '422 Unprocessable Entity', <HTTPStatus.LOCKED: 423>: '423 Locked', <HTTPStatus.FAILED_DEPENDENCY: 424>: '424 Failed Dependency', <HTTPStatus.TOO_EARLY: 425>: '425 Too Early', <HTTPStatus.UPGRADE_REQUIRED: 426>: '426 Upgrade Required', <HTTPStatus.PRECONDITION_REQUIRED: 428>: '428 Precondition Required', <HTTPStatus.TOO_MANY_REQUESTS: 429>: '429 Too Many Requests', <HTTPStatus.REQUEST_HEADER_FIELDS_TOO_LARGE: 431>: '431 Request Header Fields Too Large', <HTTPStatus.UNAVAILABLE_FOR_LEGAL_REASONS: 451>: '451 Unavailable For Legal Reasons', <HTTPStatus.INTERNAL_SERVER_ERROR: 500>: '500 Internal Server Error', <HTTPStatus.NOT_IMPLEMENTED: 501>: '501 Not Implemented', <HTTPStatus.BAD_GATEWAY: 502>: '502 Bad Gateway', <HTTPStatus.SERVICE_UNAVAILABLE: 503>: '503 Service Unavailable', <HTTPStatus.GATEWAY_TIMEOUT: 504>: '504 Gateway Timeout', <HTTPStatus.HTTP_VERSION_NOT_SUPPORTED: 505>: '505 HTTP Version Not Supported', <HTTPStatus.VARIANT_ALSO_NEGOTIATES: 506>: '506 Variant Also Negotiates', <HTTPStatus.INSUFFICIENT_STORAGE: 507>: '507 Insufficient Storage', <HTTPStatus.LOOP_DETECTED: 508>: '508 Loop Detected', <HTTPStatus.NOT_EXTENDED: 510>: '510 Not Extended', <HTTPStatus.NETWORK_AUTHENTICATION_REQUIRED: 511>: '511 Network Authentication Required'}
./bottle.py ERROR_PAGE_TEMPLATE: 
%try:
    %from bottle import DEBUG, request
    <!DOCTYPE HTML PUBLIC "-//IETF//DTD HTML 2.0//EN">
    <html>
        <head>
            <title>Error: {{e.status}}</title>
            <style type="text/css">
              html {background-color: #eee; font-family: sans-serif;}
              body {background-color: #fff; border: 1px solid #ddd;
                    padding: 15px; margin: 15px;}
              pre {background-color: #eee; border: 1px solid #ddd; padding: 5px;}
            </style>
        </head>
        <body>
            <h1>Error: {{e.status}}</h1>
            <p>Sorry, the requested URL <tt>{{repr(request.url)}}</tt>
               caused an error:</p>
            <pre>{{e.body}}</pre>
            %if DEBUG and e.exception:
              <h2>Exception:</h2>
              %try:
                %exc = repr(e.exception)
              %except:
                %exc = '<unprintable %s object>' % type(e.exception).__name__
              %end
              <pre>{{exc}}</pre>
            %end
            %if DEBUG and e.traceback:
              <h2>Traceback:</h2>
              <pre>{{e.traceback}}</pre>
            %end
        </body>
    </html>
%except ImportError:
    <b>ImportError:</b> Could not generate the error page. Please add bottle to
    the import path.
%end

./bottle.py BaseRequest __init__ environ: None
./bottle.py BaseRequest __setattr__ name: environ
./bottle.py BaseRequest __setattr__ value: {}
./bottle.py _local_property fset value: {}
./bottle.py request: <LocalRequest: GET http://127.0.0.1/>
./bottle.py BaseResponse __init__ body: 
./bottle.py BaseResponse __init__ status: None
./bottle.py BaseResponse __init__ headers: None
./bottle.py BaseResponse __init__ more_headers: {}
./bottle.py _local_property fset value: None
./bottle.py _local_property fset value: {}
./bottle.py _local_property fset value: 
./bottle.py BaseResponse _set_status status: 200
./bottle.py _local_property fset value: 200
./bottle.py _local_property fset value: 200 OK
./bottle.py response: Content-Type: text/html; charset=UTF-8

./bottle.py local: <_thread._local object at 0x7f2c98166430>
./bottle.py default_app: []
./bottle.py app: []
./bottle.py apps: []
./bottle.py _ImportRedirect __init__ name: bottle.ext
./bottle.py _ImportRedirect __init__ impmask: bottle_%s
./bottle.py ext: <module 'bottle.ext' from '/root/bottle/bottle.py'>
./bottle.py debug mode: True
./bottle.py make_default_app_wrapper wrapper a: ('/',)
./bottle.py make_default_app_wrapper wrapper ka: {}
./bottle.py AppStack push value: None
./bottle.py Bottle __init__ kwargs: {}
./bottle.py lazy_attribute __get__ obj: <bottle.Bottle object at 0x7f2c98d213d0>
./bottle.py lazy_attribute __get__ cls: <class 'bottle.Bottle'>
./bottle.py Bottle _global_config cls: <class 'bottle.Bottle'>
./bottle.py ConfigDict meta_set key: catchall
./bottle.py ConfigDict meta_set metafield: validate
./bottle.py ConfigDict meta_set value: <class 'bool'>
./bottle.py Bottle __setattr__ name: config
./bottle.py Bottle __setattr__ value: {}
./bottle.py ConfigDict _add_change_listener func: functools.partial(<bound method Bottle.trigger_hook of <bottle.Bottle object at 0x7f2c98d213d0>>, 'config')
./bottle.py ConfigDict update a: ({'catchall': True},)
./bottle.py ConfigDict update ka: {}
./bottle.py ConfigDict __setitem__ key: catchall
./bottle.py ConfigDict __setitem__ value: True
./bottle.py ConfigDict meta_get key: catchall
./bottle.py ConfigDict meta_get metafield: filter
./bottle.py ConfigDict meta_get default: <function ConfigDict.__setitem__.<locals>.<lambda> at 0x7f2c98ffa200>
./bottle.py ConfigDict _on_change key: catchall
./bottle.py ConfigDict _on_change value: True
./bottle.py Bottle trigger_hook __name: config
./bottle.py Bottle trigger_hook args: ({}, 'catchall', True)
./bottle.py Bottle trigger_hook kwargs: {}
./bottle.py cached_property __get__ obj: <bottle.Bottle object at 0x7f2c98d213d0>
./bottle.py cached_property __get__ cls: <class 'bottle.Bottle'>
./bottle.py Bottle __setattr__ name: _mounts
./bottle.py Bottle __setattr__ value: []
./bottle.py ResourceManager __init__ base: ./
./bottle.py ResourceManager __init__ opener: <built-in function open>
./bottle.py ResourceManager __init__ cachemode: all
./bottle.py Bottle __setattr__ name: resources
./bottle.py Bottle __setattr__ value: <bottle.ResourceManager object at 0x7f2c98d21a60>
./bottle.py Bottle __setattr__ name: routes
./bottle.py Bottle __setattr__ value: []
./bottle.py Router __init__ strict: False
./bottle.py Bottle __setattr__ name: router
./bottle.py Bottle __setattr__ value: <bottle.Router object at 0x7f2c98eb38f0>
./bottle.py Bottle __setattr__ name: error_handler
./bottle.py Bottle __setattr__ value: {}
./bottle.py Bottle __setattr__ name: plugins
./bottle.py Bottle __setattr__ value: []
./bottle.py JSONPlugin __init__ json_dumps: <function dumps at 0x7f2c98596660>
./bottle.py Bottle install plugin: <bottle.JSONPlugin object at 0x7f2c98d0b200>
./bottle.py JSONPlugin setup app: <bottle.Bottle object at 0x7f2c98d213d0>
./bottle.py ConfigDict _define key: json.enable
./bottle.py ConfigDict _define default: True
./bottle.py ConfigDict _define help: Enable or disable automatic dict->json filter.
./bottle.py ConfigDict _define validate: <class 'bool'>
./bottle.py ConfigDict setdefault key: json.enable
./bottle.py ConfigDict setdefault value: True
./bottle.py ConfigDict __setitem__ key: json.enable
./bottle.py ConfigDict __setitem__ value: True
./bottle.py ConfigDict meta_get key: json.enable
./bottle.py ConfigDict meta_get metafield: filter
./bottle.py ConfigDict meta_get default: <function ConfigDict.__setitem__.<locals>.<lambda> at 0x7f2c9817a840>
./bottle.py ConfigDict _on_change key: json.enable
./bottle.py ConfigDict _on_change value: True
./bottle.py Bottle trigger_hook __name: config
./bottle.py Bottle trigger_hook args: ({'catchall': True}, 'json.enable', True)
./bottle.py Bottle trigger_hook kwargs: {}
./bottle.py ConfigDict meta_set key: json.enable
./bottle.py ConfigDict meta_set metafield: help
./bottle.py ConfigDict meta_set value: Enable or disable automatic dict->json filter.
./bottle.py ConfigDict meta_set key: json.enable
./bottle.py ConfigDict meta_set metafield: validate
./bottle.py ConfigDict meta_set value: <class 'bool'>
./bottle.py ConfigDict _define key: json.ascii
./bottle.py ConfigDict _define default: False
./bottle.py ConfigDict _define help: Use only 7-bit ASCII characters in output.
./bottle.py ConfigDict _define validate: <class 'bool'>
./bottle.py ConfigDict setdefault key: json.ascii
./bottle.py ConfigDict setdefault value: False
./bottle.py ConfigDict __setitem__ key: json.ascii
./bottle.py ConfigDict __setitem__ value: False
./bottle.py ConfigDict meta_get key: json.ascii
./bottle.py ConfigDict meta_get metafield: filter
./bottle.py ConfigDict meta_get default: <function ConfigDict.__setitem__.<locals>.<lambda> at 0x7f2c9817a840>
./bottle.py ConfigDict _on_change key: json.ascii
./bottle.py ConfigDict _on_change value: False
./bottle.py Bottle trigger_hook __name: config
./bottle.py Bottle trigger_hook args: ({'catchall': True, 'json.enable': True}, 'json.ascii', False)
./bottle.py Bottle trigger_hook kwargs: {}
./bottle.py ConfigDict meta_set key: json.ascii
./bottle.py ConfigDict meta_set metafield: help
./bottle.py ConfigDict meta_set value: Use only 7-bit ASCII characters in output.
./bottle.py ConfigDict meta_set key: json.ascii
./bottle.py ConfigDict meta_set metafield: validate
./bottle.py ConfigDict meta_set value: <class 'bool'>
./bottle.py ConfigDict _define key: json.indent
./bottle.py ConfigDict _define default: True
./bottle.py ConfigDict _define help: Add whitespace to make json more readable.
./bottle.py ConfigDict _define validate: <class 'bool'>
./bottle.py ConfigDict setdefault key: json.indent
./bottle.py ConfigDict setdefault value: True
./bottle.py ConfigDict __setitem__ key: json.indent
./bottle.py ConfigDict __setitem__ value: True
./bottle.py ConfigDict meta_get key: json.indent
./bottle.py ConfigDict meta_get metafield: filter
./bottle.py ConfigDict meta_get default: <function ConfigDict.__setitem__.<locals>.<lambda> at 0x7f2c9817a840>
./bottle.py ConfigDict _on_change key: json.indent
./bottle.py ConfigDict _on_change value: True
./bottle.py Bottle trigger_hook __name: config
./bottle.py Bottle trigger_hook args: ({'catchall': True, 'json.enable': True, 'json.ascii': False}, 'json.indent', True)
./bottle.py Bottle trigger_hook kwargs: {}
./bottle.py ConfigDict meta_set key: json.indent
./bottle.py ConfigDict meta_set metafield: help
./bottle.py ConfigDict meta_set value: Add whitespace to make json more readable.
./bottle.py ConfigDict meta_set key: json.indent
./bottle.py ConfigDict meta_set metafield: validate
./bottle.py ConfigDict meta_set value: <class 'bool'>
./bottle.py ConfigDict _define key: json.dump_func
./bottle.py ConfigDict _define default: None
./bottle.py ConfigDict _define help: If defined, use this function to transform dict into json. The other options no longer apply.
./bottle.py ConfigDict _define validate: <object object at 0x7f2c98f9cbe0>
./bottle.py ConfigDict setdefault key: json.dump_func
./bottle.py ConfigDict setdefault value: None
./bottle.py ConfigDict __setitem__ key: json.dump_func
./bottle.py ConfigDict __setitem__ value: None
./bottle.py ConfigDict meta_get key: json.dump_func
./bottle.py ConfigDict meta_get metafield: filter
./bottle.py ConfigDict meta_get default: <function ConfigDict.__setitem__.<locals>.<lambda> at 0x7f2c9817a840>
./bottle.py ConfigDict _on_change key: json.dump_func
./bottle.py ConfigDict _on_change value: None
./bottle.py Bottle trigger_hook __name: config
./bottle.py Bottle trigger_hook args: ({'catchall': True, 'json.enable': True, 'json.ascii': False, 'json.indent': True}, 'json.dump_func', None)
./bottle.py Bottle trigger_hook kwargs: {}
./bottle.py ConfigDict meta_set key: json.dump_func
./bottle.py ConfigDict meta_set metafield: help
./bottle.py ConfigDict meta_set value: If defined, use this function to transform dict into json. The other options no longer apply.
./bottle.py Bottle reset route: None
./bottle.py Bottle trigger_hook __name: app_reset
./bottle.py Bottle trigger_hook args: ()
./bottle.py Bottle trigger_hook kwargs: {}
./bottle.py Bottle install plugin: <bottle.TemplatePlugin object at 0x7f2c98d21b80>
./bottle.py TemplatePlugin setup app: <bottle.Bottle object at 0x7f2c98d213d0>
./bottle.py Bottle __setattr__ name: tpl
./bottle.py Bottle __setattr__ value: <bottle.TemplatePlugin object at 0x7f2c98d21b80>
./bottle.py Bottle reset route: None
./bottle.py Bottle trigger_hook __name: app_reset
./bottle.py Bottle trigger_hook args: ()
./bottle.py Bottle trigger_hook kwargs: {}
./bottle.py Bottle route path: /
./bottle.py Bottle route method: GET
./bottle.py Bottle route callback: None
./bottle.py Bottle route name: None
./bottle.py Bottle route apply: None
./bottle.py Bottle route skip: None
./bottle.py Bottle route config: {}
./bottle.py makelist data: None
./bottle.py makelist data: None
./bottle.py makelist data: /
./bottle.py makelist data: GET
./bottle.py Route __init__ app: <bottle.Bottle object at 0x7f2c98d213d0>
./bottle.py Route __init__ rule: /
./bottle.py Route __init__ method: GET
./bottle.py Route __init__ callback: <function hello_world at 0x7f2c9817a8e0>
./bottle.py Route __init__ name: None
./bottle.py Route __init__ plugins: []
./bottle.py Route __init__ skiplist: []
./bottle.py Route __init__ config: {}
./bottle.py ConfigDict _set_virtual key: catchall
./bottle.py ConfigDict _set_virtual value: True
./bottle.py ConfigDict _set_virtual key: json.enable
./bottle.py ConfigDict _set_virtual value: True
./bottle.py ConfigDict _set_virtual key: json.ascii
./bottle.py ConfigDict _set_virtual value: False
./bottle.py ConfigDict _set_virtual key: json.indent
./bottle.py ConfigDict _set_virtual value: True
./bottle.py ConfigDict _set_virtual key: json.dump_func
./bottle.py ConfigDict _set_virtual value: None
./bottle.py ConfigDict load_dict source: {}
./bottle.py ConfigDict load_dict namespace: 
./bottle.py Bottle add_route route: <GET / -> __main__:hello_world>
./bottle.py Router add rule: /
./bottle.py Router add method: GET
./bottle.py Router add target: <GET / -> __main__:hello_world>
./bottle.py Router add name: None
./bottle.py Router _itertokens rule: /
./bottle.py Router build _name: /
./bottle.py Router build anons: ()
./bottle.py Router build query: {}
./bottle.py cached_property __get__ obj: <GET / -> __main__:hello_world>
./bottle.py cached_property __get__ cls: <class 'bottle.Route'>
./bottle.py TemplatePlugin apply callback: <function hello_world at 0x7f2c9817a8e0>
./bottle.py TemplatePlugin apply route: <GET / -> __main__:hello_world>
./bottle.py JSONPlugin apply callback: <function hello_world at 0x7f2c9817a8e0>
./bottle.py JSONPlugin apply route: <GET / -> __main__:hello_world>
./bottle.py update_wrapper wrapper: <function hello_world at 0x7f2c9817a980>
./bottle.py update_wrapper wrapped: <function hello_world at 0x7f2c9817a8e0>
./bottle.py update_wrapper a: ()
./bottle.py update_wrapper ka: {}
./bottle.py make_default_app_wrapper wrapper a: ('/hello',)
./bottle.py make_default_app_wrapper wrapper ka: {}
./bottle.py Bottle route path: /hello
./bottle.py Bottle route method: GET
./bottle.py Bottle route callback: None
./bottle.py Bottle route name: None
./bottle.py Bottle route apply: None
./bottle.py Bottle route skip: None
./bottle.py Bottle route config: {}
./bottle.py makelist data: None
./bottle.py makelist data: None
./bottle.py makelist data: /hello
./bottle.py makelist data: GET
./bottle.py Route __init__ app: <bottle.Bottle object at 0x7f2c98d213d0>
./bottle.py Route __init__ rule: /hello
./bottle.py Route __init__ method: GET
./bottle.py Route __init__ callback: <function hello_get at 0x7f2c9817aa20>
./bottle.py Route __init__ name: None
./bottle.py Route __init__ plugins: []
./bottle.py Route __init__ skiplist: []
./bottle.py Route __init__ config: {}
./bottle.py ConfigDict _set_virtual key: catchall
./bottle.py ConfigDict _set_virtual value: True
./bottle.py ConfigDict _set_virtual key: json.enable
./bottle.py ConfigDict _set_virtual value: True
./bottle.py ConfigDict _set_virtual key: json.ascii
./bottle.py ConfigDict _set_virtual value: False
./bottle.py ConfigDict _set_virtual key: json.indent
./bottle.py ConfigDict _set_virtual value: True
./bottle.py ConfigDict _set_virtual key: json.dump_func
./bottle.py ConfigDict _set_virtual value: None
./bottle.py ConfigDict load_dict source: {}
./bottle.py ConfigDict load_dict namespace: 
./bottle.py Bottle add_route route: <GET /hello -> __main__:hello_get>
./bottle.py Router add rule: /hello
./bottle.py Router add method: GET
./bottle.py Router add target: <GET /hello -> __main__:hello_get>
./bottle.py Router add name: None
./bottle.py Router _itertokens rule: /hello
./bottle.py Router build _name: /hello
./bottle.py Router build anons: ()
./bottle.py Router build query: {}
./bottle.py cached_property __get__ obj: <GET /hello -> __main__:hello_get>
./bottle.py cached_property __get__ cls: <class 'bottle.Route'>
./bottle.py TemplatePlugin apply callback: <function hello_get at 0x7f2c9817aa20>
./bottle.py TemplatePlugin apply route: <GET /hello -> __main__:hello_get>
./bottle.py JSONPlugin apply callback: <function hello_get at 0x7f2c9817aa20>
./bottle.py JSONPlugin apply route: <GET /hello -> __main__:hello_get>
./bottle.py update_wrapper wrapper: <function hello_get at 0x7f2c9817aac0>
./bottle.py update_wrapper wrapped: <function hello_get at 0x7f2c9817aa20>
./bottle.py update_wrapper a: ()
./bottle.py update_wrapper ka: {}
./bottle.py make_default_app_wrapper wrapper a: ('/hello_post',)
./bottle.py make_default_app_wrapper wrapper ka: {'method': 'POST'}
./bottle.py Bottle route path: /hello_post
./bottle.py Bottle route method: POST
./bottle.py Bottle route callback: None
./bottle.py Bottle route name: None
./bottle.py Bottle route apply: None
./bottle.py Bottle route skip: None
./bottle.py Bottle route config: {}
./bottle.py makelist data: None
./bottle.py makelist data: None
./bottle.py makelist data: /hello_post
./bottle.py makelist data: POST
./bottle.py Route __init__ app: <bottle.Bottle object at 0x7f2c98d213d0>
./bottle.py Route __init__ rule: /hello_post
./bottle.py Route __init__ method: POST
./bottle.py Route __init__ callback: <function hello_post at 0x7f2c9817ab60>
./bottle.py Route __init__ name: None
./bottle.py Route __init__ plugins: []
./bottle.py Route __init__ skiplist: []
./bottle.py Route __init__ config: {}
./bottle.py ConfigDict _set_virtual key: catchall
./bottle.py ConfigDict _set_virtual value: True
./bottle.py ConfigDict _set_virtual key: json.enable
./bottle.py ConfigDict _set_virtual value: True
./bottle.py ConfigDict _set_virtual key: json.ascii
./bottle.py ConfigDict _set_virtual value: False
./bottle.py ConfigDict _set_virtual key: json.indent
./bottle.py ConfigDict _set_virtual value: True
./bottle.py ConfigDict _set_virtual key: json.dump_func
./bottle.py ConfigDict _set_virtual value: None
./bottle.py ConfigDict load_dict source: {}
./bottle.py ConfigDict load_dict namespace: 
./bottle.py Bottle add_route route: <POST /hello_post -> __main__:hello_post>
./bottle.py Router add rule: /hello_post
./bottle.py Router add method: POST
./bottle.py Router add target: <POST /hello_post -> __main__:hello_post>
./bottle.py Router add name: None
./bottle.py Router _itertokens rule: /hello_post
./bottle.py Router build _name: /hello_post
./bottle.py Router build anons: ()
./bottle.py Router build query: {}
./bottle.py cached_property __get__ obj: <POST /hello_post -> __main__:hello_post>
./bottle.py cached_property __get__ cls: <class 'bottle.Route'>
./bottle.py TemplatePlugin apply callback: <function hello_post at 0x7f2c9817ab60>
./bottle.py TemplatePlugin apply route: <POST /hello_post -> __main__:hello_post>
./bottle.py JSONPlugin apply callback: <function hello_post at 0x7f2c9817ab60>
./bottle.py JSONPlugin apply route: <POST /hello_post -> __main__:hello_post>
./bottle.py update_wrapper wrapper: <function hello_post at 0x7f2c9817ac00>
./bottle.py update_wrapper wrapped: <function hello_post at 0x7f2c9817ab60>
./bottle.py update_wrapper a: ()
./bottle.py update_wrapper ka: {}
./bottle.py make_default_app_wrapper wrapper a: ('/hello/<name>',)
./bottle.py make_default_app_wrapper wrapper ka: {}
./bottle.py Bottle route path: /hello/<name>
./bottle.py Bottle route method: GET
./bottle.py Bottle route callback: None
./bottle.py Bottle route name: None
./bottle.py Bottle route apply: None
./bottle.py Bottle route skip: None
./bottle.py Bottle route config: {}
./bottle.py makelist data: None
./bottle.py makelist data: None
./bottle.py makelist data: /hello/<name>
./bottle.py makelist data: GET
./bottle.py Route __init__ app: <bottle.Bottle object at 0x7f2c98d213d0>
./bottle.py Route __init__ rule: /hello/<name>
./bottle.py Route __init__ method: GET
./bottle.py Route __init__ callback: <function hello_url at 0x7f2c9817aca0>
./bottle.py Route __init__ name: None
./bottle.py Route __init__ plugins: []
./bottle.py Route __init__ skiplist: []
./bottle.py Route __init__ config: {}
./bottle.py ConfigDict _set_virtual key: catchall
./bottle.py ConfigDict _set_virtual value: True
./bottle.py ConfigDict _set_virtual key: json.enable
./bottle.py ConfigDict _set_virtual value: True
./bottle.py ConfigDict _set_virtual key: json.ascii
./bottle.py ConfigDict _set_virtual value: False
./bottle.py ConfigDict _set_virtual key: json.indent
./bottle.py ConfigDict _set_virtual value: True
./bottle.py ConfigDict _set_virtual key: json.dump_func
./bottle.py ConfigDict _set_virtual value: None
./bottle.py ConfigDict load_dict source: {}
./bottle.py ConfigDict load_dict namespace: 
./bottle.py Bottle add_route route: <GET /hello/<name> -> __main__:hello_url>
./bottle.py Router add rule: /hello/<name>
./bottle.py Router add method: GET
./bottle.py Router add target: <GET /hello/<name> -> __main__:hello_url>
./bottle.py Router add name: None
./bottle.py Router _itertokens rule: /hello/<name>
./bottle.py _re_flatten p: [^/]+
./bottle.py _re_flatten p: /hello/(?P<name>[^/]+)
./bottle.py Router _compile method: GET
./bottle.py cached_property __get__ obj: <GET /hello/<name> -> __main__:hello_url>
./bottle.py cached_property __get__ cls: <class 'bottle.Route'>
./bottle.py TemplatePlugin apply callback: <function hello_url at 0x7f2c9817aca0>
./bottle.py TemplatePlugin apply route: <GET /hello/<name> -> __main__:hello_url>
./bottle.py JSONPlugin apply callback: <function hello_url at 0x7f2c9817aca0>
./bottle.py JSONPlugin apply route: <GET /hello/<name> -> __main__:hello_url>
./bottle.py update_wrapper wrapper: <function hello_url at 0x7f2c9817af20>
./bottle.py update_wrapper wrapped: <function hello_url at 0x7f2c9817aca0>
./bottle.py update_wrapper a:Bottle v0.13.4 server starting up (using WSGIRefServer())...
Listening on http://localhost:8080/
Hit Ctrl-C to quit.

 ()
./bottle.py update_wrapper ka: {}
./bottle.py make_default_app_wrapper wrapper a: ('/private',)
./bottle.py make_default_app_wrapper wrapper ka: {}
./bottle.py Bottle route path: /private
./bottle.py Bottle route method: GET
./bottle.py Bottle route callback: None
./bottle.py Bottle route name: None
./bottle.py Bottle route apply: None
./bottle.py Bottle route skip: None
./bottle.py Bottle route config: {}
./bottle.py makelist data: None
./bottle.py makelist data: None
./bottle.py makelist data: /private
./bottle.py makelist data: GET
./bottle.py Route __init__ app: <bottle.Bottle object at 0x7f2c98d213d0>
./bottle.py Route __init__ rule: /private
./bottle.py Route __init__ method: GET
./bottle.py Route __init__ callback: <function private at 0x7f2c9817ae80>
./bottle.py Route __init__ name: None
./bottle.py Route __init__ plugins: []
./bottle.py Route __init__ skiplist: []
./bottle.py Route __init__ config: {}
./bottle.py ConfigDict _set_virtual key: catchall
./bottle.py ConfigDict _set_virtual value: True
./bottle.py ConfigDict _set_virtual key: json.enable
./bottle.py ConfigDict _set_virtual value: True
./bottle.py ConfigDict _set_virtual key: json.ascii
./bottle.py ConfigDict _set_virtual value: False
./bottle.py ConfigDict _set_virtual key: json.indent
./bottle.py ConfigDict _set_virtual value: True
./bottle.py ConfigDict _set_virtual key: json.dump_func
./bottle.py ConfigDict _set_virtual value: None
./bottle.py ConfigDict load_dict source: {}
./bottle.py ConfigDict load_dict namespace: 
./bottle.py Bottle add_route route: <GET /private -> __main__:private>
./bottle.py Router add rule: /private
./bottle.py Router add method: GET
./bottle.py Router add target: <GET /private -> __main__:private>
./bottle.py Router add name: None
./bottle.py Router _itertokens rule: /private
./bottle.py Router build _name: /private
./bottle.py Router build anons: ()
./bottle.py Router build query: {}
./bottle.py cached_property __get__ obj: <GET /private -> __main__:private>
./bottle.py cached_property __get__ cls: <class 'bottle.Route'>
./bottle.py TemplatePlugin apply callback: <function private at 0x7f2c9817ae80>
./bottle.py TemplatePlugin apply route: <GET /private -> __main__:private>
./bottle.py JSONPlugin apply callback: <function private at 0x7f2c9817ae80>
./bottle.py JSONPlugin apply route: <GET /private -> __main__:private>
./bottle.py update_wrapper wrapper: <function private at 0x7f2c9817afc0>
./bottle.py update_wrapper wrapped: <function private at 0x7f2c9817ae80>
./bottle.py update_wrapper a: ()
./bottle.py update_wrapper ka: {}
./bottle.py run app: None
./bottle.py run server: wsgiref
./bottle.py run host: localhost
./bottle.py run port: 8080
./bottle.py run interval: 1
./bottle.py run reloader: False
./bottle.py run quiet: False
./bottle.py run plugins: None
./bottle.py run debug: None
./bottle.py run config: None
./bottle.py run kargs: {}
./bottle.py ServerAdapter __init__ host: localhost
./bottle.py ServerAdapter __init__ port: 8080
./bottle.py ServerAdapter __init__ options: {}
./bottle.py _stderr args: ('Bottle v0.13.4 server starting up (using WSGIRefServer())...',)
./bottle.py _stderr args: ('Listening on http://localhost:8080/',)
./bottle.py _stderr args: ('Hit Ctrl-C to quit.\n',)
./bottle.py _ImportRedirect find_spec fullname: _wmi
./bottle.py _ImportRedirect find_spec path: None
./bottle.py _ImportRedirect find_spec target: None
